Flow report for DE0_NANO
Sat May 30 16:30:47 2026
Quartus II Version 9.1 Build 350 03/24/2010 Service Pack 2 SJ Web Edition


---------------------
; Table of Contents ;
---------------------
  1. Legal Notice
  2. Flow Summary
  3. Flow Settings
  4. Flow Non-Default Global Settings
  5. Flow Elapsed Time
  6. Flow OS Summary
  7. Flow Log



----------------
; Legal Notice ;
----------------
Copyright (C) 1991-2010 Altera Corporation
Your use of Altera Corporation's design tools, logic functions 
and other software and tools, and its AMPP partner logic 
functions, and any output files from any of the foregoing 
(including device programming or simulation files), and any 
associated documentation or information are expressly subject 
to the terms and conditions of the Altera Program License 
Subscription Agreement, Altera MegaCore Function License 
Agreement, or other applicable license agreement, including, 
without limitation, that your use is for the sole purpose of 
programming logic devices manufactured by Altera and sold by 
Altera or its authorized distributors.  Please refer to the 
applicable agreement for further details.



+-----------------------------------------------------------------------------------+
; Flow Summary                                                                      ;
+------------------------------------+----------------------------------------------+
; Flow Status                        ; Successful - Sat May 30 16:30:46 2026        ;
; Quartus II Version                 ; 9.1 Build 350 03/24/2010 SP 2 SJ Web Edition ;
; Revision Name                      ; DE0_NANO                                     ;
; Top-level Entity Name              ; top_module                                   ;
; Family                             ; Cyclone IV E                                 ;
; Device                             ; EP4CE22F17C6                                 ;
; Timing Models                      ; Preliminary                                  ;
; Met timing requirements            ; N/A                                          ;
; Total logic elements               ; 60 / 22,320 ( < 1 % )                        ;
;     Total combinational functions  ; 60 / 22,320 ( < 1 % )                        ;
;     Dedicated logic registers      ; 33 / 22,320 ( < 1 % )                        ;
; Total registers                    ; 33                                           ;
; Total pins                         ; 11 / 154 ( 7 % )                             ;
; Total virtual pins                 ; 0                                            ;
; Total memory bits                  ; 0 / 608,256 ( 0 % )                          ;
; Embedded Multiplier 9-bit elements ; 0 / 132 ( 0 % )                              ;
; Total PLLs                         ; 1 / 4 ( 25 % )                               ;
+------------------------------------+----------------------------------------------+


+-----------------------------------------+
; Flow Settings                           ;
+-------------------+---------------------+
; Option            ; Setting             ;
+-------------------+---------------------+
; Start date & time ; 05/30/2026 16:30:39 ;
; Main task         ; Compilation         ;
; Revision Name     ; DE0_NANO            ;
+-------------------+---------------------+


+-----------------------------------------------------------------------------------------------------+
; Flow Non-Default Global Settings                                                                    ;
+------------------------+---------------------------------+---------------+-------------+------------+
; Assignment Name        ; Value                           ; Default Value ; Entity Name ; Section Id ;
+------------------------+---------------------------------+---------------+-------------+------------+
; COMPILER_SIGNATURE_ID  ; 91770418333.178014783915644     ; --            ; --          ; --         ;
; IP_TOOL_NAME           ; ALTPLL                          ; --            ; --          ; --         ;
; IP_TOOL_VERSION        ; 9.1                             ; --            ; --          ; --         ;
; MISC_FILE              ; my_pll.bsf                      ; --            ; --          ; --         ;
; MISC_FILE              ; my_pll_bb.v                     ; --            ; --          ; --         ;
; MISC_FILE              ; my_pll.cmp                      ; --            ; --          ; --         ;
; MISC_FILE              ; my_pll.ppf                      ; --            ; --          ; --         ;
; MISC_FILE              ; C:/temp_lab/lab4_5/DE0_NANO.dpf ; --            ; --          ; --         ;
; PARTITION_COLOR        ; 16764057                        ; --            ; top_module  ; Top        ;
; PARTITION_NETLIST_TYPE ; SOURCE                          ; --            ; top_module  ; Top        ;
; TOP_LEVEL_ENTITY       ; top_module                      ; DE0_NANO      ; --          ; --         ;
+------------------------+---------------------------------+---------------+-------------+------------+


+-------------------------------------------------------------------------------------------------------------------------------+
; Flow Elapsed Time                                                                                                             ;
+---------------------------+--------------+-------------------------+---------------------+------------------------------------+
; Module Name               ; Elapsed Time ; Average Processors Used ; Peak Virtual Memory ; Total CPU Time (on all processors) ;
+---------------------------+--------------+-------------------------+---------------------+------------------------------------+
; Analysis & Synthesis      ; 00:00:01     ; 1.0                     ; 236 MB              ; 00:00:01                           ;
; Fitter                    ; 00:00:03     ; 1.0                     ; 283 MB              ; 00:00:04                           ;
; TimeQuest Timing Analyzer ; 00:00:02     ; 1.0                     ; 241 MB              ; 00:00:01                           ;
; Assembler                 ; 00:00:01     ; 1.0                     ; 241 MB              ; 00:00:01                           ;
; Total                     ; 00:00:06     ; --                      ; --                  ; 00:00:06                           ;
+---------------------------+--------------+-------------------------+---------------------+------------------------------------+


+--------------------------------------------------------------------------------------------+
; Flow OS Summary                                                                            ;
+---------------------------+------------------+---------------+------------+----------------+
; Module Name               ; Machine Hostname ; OS Name       ; OS Version ; Processor type ;
+---------------------------+------------------+---------------+------------+----------------+
; Analysis & Synthesis      ; DESKTOP-2JUHQ3I  ; Windows Vista ; 6.2        ; x86_64         ;
; Fitter                    ; DESKTOP-2JUHQ3I  ; Windows Vista ; 6.2        ; x86_64         ;
; Assembler                 ; DESKTOP-2JUHQ3I  ; Windows Vista ; 6.2        ; x86_64         ;
; TimeQuest Timing Analyzer ; DESKTOP-2JUHQ3I  ; Windows Vista ; 6.2        ; x86_64         ;
+---------------------------+------------------+---------------+------------+----------------+


------------
; Flow Log ;
------------
quartus_map --read_settings_files=on --write_settings_files=off DE0_NANO -c DE0_NANO
quartus_fit --read_settings_files=off --write_settings_files=off DE0_NANO -c DE0_NANO
quartus_asm --read_settings_files=off --write_settings_files=off DE0_NANO -c DE0_NANO
quartus_sta DE0_NANO -c DE0_NANO



