Classic Timing Analyzer report for project
Sat May 23 10:41:16 2026
Quartus II Version 9.1 Build 350 03/24/2010 Service Pack 2 SJ Web Edition


---------------------
; Table of Contents ;
---------------------
  1. Legal Notice
  2. Timing Analyzer Summary
  3. Timing Analyzer Settings
  4. Clock Settings Summary
  5. Parallel Compilation
  6. Clock Setup: 'i_clk'
  7. tsu
  8. tco
  9. tpd
 10. th
 11. Timing Analyzer Messages



----------------
; Legal Notice ;
----------------
Copyright (C) 1991-2010 Altera Corporation
Your use of Altera Corporation's design tools, logic functions 
and other software and tools, and its AMPP partner logic 
functions, and any output files from any of the foregoing 
(including device programming or simulation files), and any 
associated documentation or information are expressly subject 
to the terms and conditions of the Altera Program License 
Subscription Agreement, Altera MegaCore Function License 
Agreement, or other applicable license agreement, including, 
without limitation, that your use is for the sole purpose of 
programming logic devices manufactured by Altera and sold by 
Altera or its authorized distributors.  Please refer to the 
applicable agreement for further details.



+------------------------------------------------------------------------------------------------------------------------------------------------------------------------------------------------------------------------------------------+
; Timing Analyzer Summary                                                                                                                                                                                                                  ;
+------------------------------+-------+---------------+----------------------------------+----------------------------------------------------+----------------------------------------------------+------------+----------+--------------+
; Type                         ; Slack ; Required Time ; Actual Time                      ; From                                               ; To                                                 ; From Clock ; To Clock ; Failed Paths ;
+------------------------------+-------+---------------+----------------------------------+----------------------------------------------------+----------------------------------------------------+------------+----------+--------------+
; Worst-case tsu               ; N/A   ; None          ; 5.682 ns                         ; i_sck                                              ; shift_register:shift_register_inst|shift_reg[5][1] ; --         ; i_clk    ; 0            ;
; Worst-case tco               ; N/A   ; None          ; 7.407 ns                         ; shift_register:shift_register_inst|shift_reg[2][1] ; o_data[17]                                         ; i_clk      ; --       ; 0            ;
; Worst-case tpd               ; N/A   ; None          ; 8.548 ns                         ; i_sck                                              ; o_valid                                            ; --         ; --       ; 0            ;
; Worst-case th                ; N/A   ; None          ; -2.458 ns                        ; i_mosi[0]                                          ; shift_register:shift_register_inst|shift_reg[0][0] ; --         ; i_clk    ; 0            ;
; Clock Setup: 'i_clk'         ; N/A   ; None          ; 425.17 MHz ( period = 2.352 ns ) ; edge_detector:edge_detector_inst|sck_d             ; shift_register:shift_register_inst|shift_reg[5][1] ; i_clk      ; i_clk    ; 0            ;
; Total number of failed paths ;       ;               ;                                  ;                                                    ;                                                    ;            ;          ; 0            ;
+------------------------------+-------+---------------+----------------------------------+----------------------------------------------------+----------------------------------------------------+------------+----------+--------------+


+-----------------------------------------------------------------------------------------------------------------------------------------------------+
; Timing Analyzer Settings                                                                                                                            ;
+------------------------------------------------------------------------------------------------------+--------------------+------+----+-------------+
; Option                                                                                               ; Setting            ; From ; To ; Entity Name ;
+------------------------------------------------------------------------------------------------------+--------------------+------+----+-------------+
; Device Name                                                                                          ; EP2S15F484C3       ;      ;    ;             ;
; Timing Models                                                                                        ; Final              ;      ;    ;             ;
; Default hold multicycle                                                                              ; Same as Multicycle ;      ;    ;             ;
; Cut paths between unrelated clock domains                                                            ; On                 ;      ;    ;             ;
; Cut off read during write signal paths                                                               ; On                 ;      ;    ;             ;
; Cut off feedback from I/O pins                                                                       ; On                 ;      ;    ;             ;
; Report Combined Fast/Slow Timing                                                                     ; Off                ;      ;    ;             ;
; Ignore Clock Settings                                                                                ; Off                ;      ;    ;             ;
; Analyze latches as synchronous elements                                                              ; On                 ;      ;    ;             ;
; Enable Recovery/Removal analysis                                                                     ; Off                ;      ;    ;             ;
; Enable Clock Latency                                                                                 ; Off                ;      ;    ;             ;
; Use TimeQuest Timing Analyzer                                                                        ; Off                ;      ;    ;             ;
; Number of source nodes to report per destination node                                                ; 10                 ;      ;    ;             ;
; Number of destination nodes to report                                                                ; 10                 ;      ;    ;             ;
; Number of paths to report                                                                            ; 200                ;      ;    ;             ;
; Report Minimum Timing Checks                                                                         ; Off                ;      ;    ;             ;
; Use Fast Timing Models                                                                               ; Off                ;      ;    ;             ;
; Report IO Paths Separately                                                                           ; Off                ;      ;    ;             ;
; Perform Multicorner Analysis                                                                         ; On                 ;      ;    ;             ;
; Reports the worst-case path for each clock domain and analysis                                       ; Off                ;      ;    ;             ;
; Reports worst-case timing paths for each clock domain and analysis                                   ; Off                ;      ;    ;             ;
; Specifies the maximum number of worst-case timing paths to report for each clock domain and analysis ; 100                ;      ;    ;             ;
; Removes common clock path pessimism (CCPP) during slack computation                                  ; Off                ;      ;    ;             ;
; Output I/O Timing Endpoint                                                                           ; Near End           ;      ;    ;             ;
+------------------------------------------------------------------------------------------------------+--------------------+------+----+-------------+


+------------------------------------------------------------------------------------------------------------------------------------------------------------------------------------+
; Clock Settings Summary                                                                                                                                                             ;
+-----------------+--------------------+----------+------------------+---------------+--------------+----------+-----------------------+---------------------+--------+--------------+
; Clock Node Name ; Clock Setting Name ; Type     ; Fmax Requirement ; Early Latency ; Late Latency ; Based on ; Multiply Base Fmax by ; Divide Base Fmax by ; Offset ; Phase offset ;
+-----------------+--------------------+----------+------------------+---------------+--------------+----------+-----------------------+---------------------+--------+--------------+
; i_clk           ;                    ; User Pin ; None             ; 0.000 ns      ; 0.000 ns     ; --       ; N/A                   ; N/A                 ; N/A    ;              ;
+-----------------+--------------------+----------+------------------+---------------+--------------+----------+-----------------------+---------------------+--------+--------------+


Parallel compilation was disabled, but you have multiple processors available. Enable parallel compilation to reduce compilation time.
+-------------------------------------+
; Parallel Compilation                ;
+----------------------------+--------+
; Processors                 ; Number ;
+----------------------------+--------+
; Number detected on machine ; 16     ;
; Maximum allowed            ; 1      ;
+----------------------------+--------+


+------------------------------------------------------------------------------------------------------------------------------------------------------------------------------------------------------------------------------------------------------------------------------+
; Clock Setup: 'i_clk'                                                                                                                                                                                                                                                         ;
+-------+------------------------------------------------+----------------------------------------------------+----------------------------------------------------+------------+----------+-----------------------------+---------------------------+-------------------------+
; Slack ; Actual fmax (period)                           ; From                                               ; To                                                 ; From Clock ; To Clock ; Required Setup Relationship ; Required Longest P2P Time ; Actual Longest P2P Time ;
+-------+------------------------------------------------+----------------------------------------------------+----------------------------------------------------+------------+----------+-----------------------------+---------------------------+-------------------------+
; N/A   ; 425.17 MHz ( period = 2.352 ns )               ; edge_detector:edge_detector_inst|sck_d             ; shift_register:shift_register_inst|shift_reg[0][0] ; i_clk      ; i_clk    ; None                        ; None                      ; 2.185 ns                ;
; N/A   ; 425.17 MHz ( period = 2.352 ns )               ; edge_detector:edge_detector_inst|sck_d             ; shift_register:shift_register_inst|shift_reg[0][1] ; i_clk      ; i_clk    ; None                        ; None                      ; 2.185 ns                ;
; N/A   ; 425.17 MHz ( period = 2.352 ns )               ; edge_detector:edge_detector_inst|sck_d             ; shift_register:shift_register_inst|shift_reg[0][2] ; i_clk      ; i_clk    ; None                        ; None                      ; 2.185 ns                ;
; N/A   ; 425.17 MHz ( period = 2.352 ns )               ; edge_detector:edge_detector_inst|sck_d             ; shift_register:shift_register_inst|shift_reg[1][0] ; i_clk      ; i_clk    ; None                        ; None                      ; 2.185 ns                ;
; N/A   ; 425.17 MHz ( period = 2.352 ns )               ; edge_detector:edge_detector_inst|sck_d             ; shift_register:shift_register_inst|shift_reg[1][1] ; i_clk      ; i_clk    ; None                        ; None                      ; 2.185 ns                ;
; N/A   ; 425.17 MHz ( period = 2.352 ns )               ; edge_detector:edge_detector_inst|sck_d             ; shift_register:shift_register_inst|shift_reg[1][2] ; i_clk      ; i_clk    ; None                        ; None                      ; 2.185 ns                ;
; N/A   ; 425.17 MHz ( period = 2.352 ns )               ; edge_detector:edge_detector_inst|sck_d             ; shift_register:shift_register_inst|shift_reg[2][0] ; i_clk      ; i_clk    ; None                        ; None                      ; 2.185 ns                ;
; N/A   ; 425.17 MHz ( period = 2.352 ns )               ; edge_detector:edge_detector_inst|sck_d             ; shift_register:shift_register_inst|shift_reg[2][1] ; i_clk      ; i_clk    ; None                        ; None                      ; 2.185 ns                ;
; N/A   ; 425.17 MHz ( period = 2.352 ns )               ; edge_detector:edge_detector_inst|sck_d             ; shift_register:shift_register_inst|shift_reg[2][2] ; i_clk      ; i_clk    ; None                        ; None                      ; 2.185 ns                ;
; N/A   ; 425.17 MHz ( period = 2.352 ns )               ; edge_detector:edge_detector_inst|sck_d             ; shift_register:shift_register_inst|shift_reg[3][0] ; i_clk      ; i_clk    ; None                        ; None                      ; 2.185 ns                ;
; N/A   ; 425.17 MHz ( period = 2.352 ns )               ; edge_detector:edge_detector_inst|sck_d             ; shift_register:shift_register_inst|shift_reg[3][1] ; i_clk      ; i_clk    ; None                        ; None                      ; 2.185 ns                ;
; N/A   ; 425.17 MHz ( period = 2.352 ns )               ; edge_detector:edge_detector_inst|sck_d             ; shift_register:shift_register_inst|shift_reg[3][2] ; i_clk      ; i_clk    ; None                        ; None                      ; 2.185 ns                ;
; N/A   ; 425.17 MHz ( period = 2.352 ns )               ; edge_detector:edge_detector_inst|sck_d             ; shift_register:shift_register_inst|shift_reg[4][0] ; i_clk      ; i_clk    ; None                        ; None                      ; 2.185 ns                ;
; N/A   ; 425.17 MHz ( period = 2.352 ns )               ; edge_detector:edge_detector_inst|sck_d             ; shift_register:shift_register_inst|shift_reg[4][1] ; i_clk      ; i_clk    ; None                        ; None                      ; 2.185 ns                ;
; N/A   ; 425.17 MHz ( period = 2.352 ns )               ; edge_detector:edge_detector_inst|sck_d             ; shift_register:shift_register_inst|shift_reg[5][0] ; i_clk      ; i_clk    ; None                        ; None                      ; 2.185 ns                ;
; N/A   ; 425.17 MHz ( period = 2.352 ns )               ; edge_detector:edge_detector_inst|sck_d             ; shift_register:shift_register_inst|shift_reg[5][1] ; i_clk      ; i_clk    ; None                        ; None                      ; 2.185 ns                ;
; N/A   ; 465.55 MHz ( period = 2.148 ns )               ; edge_detector:edge_detector_inst|sck_d             ; shift_register:shift_register_inst|shift_reg[0][6] ; i_clk      ; i_clk    ; None                        ; None                      ; 1.985 ns                ;
; N/A   ; 465.55 MHz ( period = 2.148 ns )               ; edge_detector:edge_detector_inst|sck_d             ; shift_register:shift_register_inst|shift_reg[0][7] ; i_clk      ; i_clk    ; None                        ; None                      ; 1.985 ns                ;
; N/A   ; 465.55 MHz ( period = 2.148 ns )               ; edge_detector:edge_detector_inst|sck_d             ; shift_register:shift_register_inst|shift_reg[1][6] ; i_clk      ; i_clk    ; None                        ; None                      ; 1.985 ns                ;
; N/A   ; 465.55 MHz ( period = 2.148 ns )               ; edge_detector:edge_detector_inst|sck_d             ; shift_register:shift_register_inst|shift_reg[1][7] ; i_clk      ; i_clk    ; None                        ; None                      ; 1.985 ns                ;
; N/A   ; 465.55 MHz ( period = 2.148 ns )               ; edge_detector:edge_detector_inst|sck_d             ; shift_register:shift_register_inst|shift_reg[2][6] ; i_clk      ; i_clk    ; None                        ; None                      ; 1.985 ns                ;
; N/A   ; 465.55 MHz ( period = 2.148 ns )               ; edge_detector:edge_detector_inst|sck_d             ; shift_register:shift_register_inst|shift_reg[2][7] ; i_clk      ; i_clk    ; None                        ; None                      ; 1.985 ns                ;
; N/A   ; 465.55 MHz ( period = 2.148 ns )               ; edge_detector:edge_detector_inst|sck_d             ; shift_register:shift_register_inst|shift_reg[3][6] ; i_clk      ; i_clk    ; None                        ; None                      ; 1.985 ns                ;
; N/A   ; 465.55 MHz ( period = 2.148 ns )               ; edge_detector:edge_detector_inst|sck_d             ; shift_register:shift_register_inst|shift_reg[3][7] ; i_clk      ; i_clk    ; None                        ; None                      ; 1.985 ns                ;
; N/A   ; 465.55 MHz ( period = 2.148 ns )               ; edge_detector:edge_detector_inst|sck_d             ; shift_register:shift_register_inst|shift_reg[4][2] ; i_clk      ; i_clk    ; None                        ; None                      ; 1.985 ns                ;
; N/A   ; 465.55 MHz ( period = 2.148 ns )               ; edge_detector:edge_detector_inst|sck_d             ; shift_register:shift_register_inst|shift_reg[4][5] ; i_clk      ; i_clk    ; None                        ; None                      ; 1.985 ns                ;
; N/A   ; 465.55 MHz ( period = 2.148 ns )               ; edge_detector:edge_detector_inst|sck_d             ; shift_register:shift_register_inst|shift_reg[4][6] ; i_clk      ; i_clk    ; None                        ; None                      ; 1.985 ns                ;
; N/A   ; 465.55 MHz ( period = 2.148 ns )               ; edge_detector:edge_detector_inst|sck_d             ; shift_register:shift_register_inst|shift_reg[4][7] ; i_clk      ; i_clk    ; None                        ; None                      ; 1.985 ns                ;
; N/A   ; 465.55 MHz ( period = 2.148 ns )               ; edge_detector:edge_detector_inst|sck_d             ; shift_register:shift_register_inst|shift_reg[5][2] ; i_clk      ; i_clk    ; None                        ; None                      ; 1.985 ns                ;
; N/A   ; 465.55 MHz ( period = 2.148 ns )               ; edge_detector:edge_detector_inst|sck_d             ; shift_register:shift_register_inst|shift_reg[5][5] ; i_clk      ; i_clk    ; None                        ; None                      ; 1.985 ns                ;
; N/A   ; 465.55 MHz ( period = 2.148 ns )               ; edge_detector:edge_detector_inst|sck_d             ; shift_register:shift_register_inst|shift_reg[5][6] ; i_clk      ; i_clk    ; None                        ; None                      ; 1.985 ns                ;
; N/A   ; 465.55 MHz ( period = 2.148 ns )               ; edge_detector:edge_detector_inst|sck_d             ; shift_register:shift_register_inst|shift_reg[5][7] ; i_clk      ; i_clk    ; None                        ; None                      ; 1.985 ns                ;
; N/A   ; 466.42 MHz ( period = 2.144 ns )               ; edge_detector:edge_detector_inst|sck_d             ; spi_counter:spi_counter_inst|count[2]              ; i_clk      ; i_clk    ; None                        ; None                      ; 1.984 ns                ;
; N/A   ; 466.42 MHz ( period = 2.144 ns )               ; edge_detector:edge_detector_inst|sck_d             ; spi_counter:spi_counter_inst|count[0]              ; i_clk      ; i_clk    ; None                        ; None                      ; 1.984 ns                ;
; N/A   ; 466.42 MHz ( period = 2.144 ns )               ; edge_detector:edge_detector_inst|sck_d             ; spi_counter:spi_counter_inst|count[1]              ; i_clk      ; i_clk    ; None                        ; None                      ; 1.984 ns                ;
; N/A   ; Restricted to 500.00 MHz ( period = 2.000 ns ) ; edge_detector:edge_detector_inst|sck_d             ; shift_register:shift_register_inst|shift_reg[0][3] ; i_clk      ; i_clk    ; None                        ; None                      ; 1.500 ns                ;
; N/A   ; Restricted to 500.00 MHz ( period = 2.000 ns ) ; edge_detector:edge_detector_inst|sck_d             ; shift_register:shift_register_inst|shift_reg[0][4] ; i_clk      ; i_clk    ; None                        ; None                      ; 1.500 ns                ;
; N/A   ; Restricted to 500.00 MHz ( period = 2.000 ns ) ; edge_detector:edge_detector_inst|sck_d             ; shift_register:shift_register_inst|shift_reg[0][5] ; i_clk      ; i_clk    ; None                        ; None                      ; 1.500 ns                ;
; N/A   ; Restricted to 500.00 MHz ( period = 2.000 ns ) ; edge_detector:edge_detector_inst|sck_d             ; shift_register:shift_register_inst|shift_reg[1][3] ; i_clk      ; i_clk    ; None                        ; None                      ; 1.500 ns                ;
; N/A   ; Restricted to 500.00 MHz ( period = 2.000 ns ) ; edge_detector:edge_detector_inst|sck_d             ; shift_register:shift_register_inst|shift_reg[1][4] ; i_clk      ; i_clk    ; None                        ; None                      ; 1.500 ns                ;
; N/A   ; Restricted to 500.00 MHz ( period = 2.000 ns ) ; edge_detector:edge_detector_inst|sck_d             ; shift_register:shift_register_inst|shift_reg[1][5] ; i_clk      ; i_clk    ; None                        ; None                      ; 1.500 ns                ;
; N/A   ; Restricted to 500.00 MHz ( period = 2.000 ns ) ; edge_detector:edge_detector_inst|sck_d             ; shift_register:shift_register_inst|shift_reg[2][3] ; i_clk      ; i_clk    ; None                        ; None                      ; 1.500 ns                ;
; N/A   ; Restricted to 500.00 MHz ( period = 2.000 ns ) ; edge_detector:edge_detector_inst|sck_d             ; shift_register:shift_register_inst|shift_reg[2][4] ; i_clk      ; i_clk    ; None                        ; None                      ; 1.500 ns                ;
; N/A   ; Restricted to 500.00 MHz ( period = 2.000 ns ) ; edge_detector:edge_detector_inst|sck_d             ; shift_register:shift_register_inst|shift_reg[2][5] ; i_clk      ; i_clk    ; None                        ; None                      ; 1.500 ns                ;
; N/A   ; Restricted to 500.00 MHz ( period = 2.000 ns ) ; edge_detector:edge_detector_inst|sck_d             ; shift_register:shift_register_inst|shift_reg[3][3] ; i_clk      ; i_clk    ; None                        ; None                      ; 1.500 ns                ;
; N/A   ; Restricted to 500.00 MHz ( period = 2.000 ns ) ; edge_detector:edge_detector_inst|sck_d             ; shift_register:shift_register_inst|shift_reg[3][4] ; i_clk      ; i_clk    ; None                        ; None                      ; 1.500 ns                ;
; N/A   ; Restricted to 500.00 MHz ( period = 2.000 ns ) ; edge_detector:edge_detector_inst|sck_d             ; shift_register:shift_register_inst|shift_reg[3][5] ; i_clk      ; i_clk    ; None                        ; None                      ; 1.500 ns                ;
; N/A   ; Restricted to 500.00 MHz ( period = 2.000 ns ) ; edge_detector:edge_detector_inst|sck_d             ; shift_register:shift_register_inst|shift_reg[4][3] ; i_clk      ; i_clk    ; None                        ; None                      ; 1.500 ns                ;
; N/A   ; Restricted to 500.00 MHz ( period = 2.000 ns ) ; edge_detector:edge_detector_inst|sck_d             ; shift_register:shift_register_inst|shift_reg[4][4] ; i_clk      ; i_clk    ; None                        ; None                      ; 1.500 ns                ;
; N/A   ; Restricted to 500.00 MHz ( period = 2.000 ns ) ; edge_detector:edge_detector_inst|sck_d             ; shift_register:shift_register_inst|shift_reg[5][3] ; i_clk      ; i_clk    ; None                        ; None                      ; 1.500 ns                ;
; N/A   ; Restricted to 500.00 MHz ( period = 2.000 ns ) ; edge_detector:edge_detector_inst|sck_d             ; shift_register:shift_register_inst|shift_reg[5][4] ; i_clk      ; i_clk    ; None                        ; None                      ; 1.500 ns                ;
; N/A   ; Restricted to 500.00 MHz ( period = 2.000 ns ) ; shift_register:shift_register_inst|shift_reg[3][5] ; shift_register:shift_register_inst|shift_reg[4][5] ; i_clk      ; i_clk    ; None                        ; None                      ; 1.311 ns                ;
; N/A   ; Restricted to 500.00 MHz ( period = 2.000 ns ) ; shift_register:shift_register_inst|shift_reg[3][2] ; shift_register:shift_register_inst|shift_reg[4][2] ; i_clk      ; i_clk    ; None                        ; None                      ; 1.009 ns                ;
; N/A   ; Restricted to 500.00 MHz ( period = 2.000 ns ) ; shift_register:shift_register_inst|shift_reg[3][6] ; shift_register:shift_register_inst|shift_reg[4][6] ; i_clk      ; i_clk    ; None                        ; None                      ; 0.791 ns                ;
; N/A   ; Restricted to 500.00 MHz ( period = 2.000 ns ) ; spi_counter:spi_counter_inst|count[0]              ; spi_counter:spi_counter_inst|count[2]              ; i_clk      ; i_clk    ; None                        ; None                      ; 0.760 ns                ;
; N/A   ; Restricted to 500.00 MHz ( period = 2.000 ns ) ; spi_counter:spi_counter_inst|count[0]              ; spi_counter:spi_counter_inst|count[1]              ; i_clk      ; i_clk    ; None                        ; None                      ; 0.760 ns                ;
; N/A   ; Restricted to 500.00 MHz ( period = 2.000 ns ) ; spi_counter:spi_counter_inst|count[1]              ; spi_counter:spi_counter_inst|count[2]              ; i_clk      ; i_clk    ; None                        ; None                      ; 0.626 ns                ;
; N/A   ; Restricted to 500.00 MHz ( period = 2.000 ns ) ; shift_register:shift_register_inst|shift_reg[2][4] ; shift_register:shift_register_inst|shift_reg[3][4] ; i_clk      ; i_clk    ; None                        ; None                      ; 0.608 ns                ;
; N/A   ; Restricted to 500.00 MHz ( period = 2.000 ns ) ; shift_register:shift_register_inst|shift_reg[1][6] ; shift_register:shift_register_inst|shift_reg[2][6] ; i_clk      ; i_clk    ; None                        ; None                      ; 0.532 ns                ;
; N/A   ; Restricted to 500.00 MHz ( period = 2.000 ns ) ; shift_register:shift_register_inst|shift_reg[3][4] ; shift_register:shift_register_inst|shift_reg[4][4] ; i_clk      ; i_clk    ; None                        ; None                      ; 0.531 ns                ;
; N/A   ; Restricted to 500.00 MHz ( period = 2.000 ns ) ; shift_register:shift_register_inst|shift_reg[1][3] ; shift_register:shift_register_inst|shift_reg[2][3] ; i_clk      ; i_clk    ; None                        ; None                      ; 0.530 ns                ;
; N/A   ; Restricted to 500.00 MHz ( period = 2.000 ns ) ; shift_register:shift_register_inst|shift_reg[3][0] ; shift_register:shift_register_inst|shift_reg[4][0] ; i_clk      ; i_clk    ; None                        ; None                      ; 0.530 ns                ;
; N/A   ; Restricted to 500.00 MHz ( period = 2.000 ns ) ; shift_register:shift_register_inst|shift_reg[2][3] ; shift_register:shift_register_inst|shift_reg[3][3] ; i_clk      ; i_clk    ; None                        ; None                      ; 0.529 ns                ;
; N/A   ; Restricted to 500.00 MHz ( period = 2.000 ns ) ; shift_register:shift_register_inst|shift_reg[4][7] ; shift_register:shift_register_inst|shift_reg[5][7] ; i_clk      ; i_clk    ; None                        ; None                      ; 0.529 ns                ;
; N/A   ; Restricted to 500.00 MHz ( period = 2.000 ns ) ; shift_register:shift_register_inst|shift_reg[0][2] ; shift_register:shift_register_inst|shift_reg[1][2] ; i_clk      ; i_clk    ; None                        ; None                      ; 0.528 ns                ;
; N/A   ; Restricted to 500.00 MHz ( period = 2.000 ns ) ; shift_register:shift_register_inst|shift_reg[1][7] ; shift_register:shift_register_inst|shift_reg[2][7] ; i_clk      ; i_clk    ; None                        ; None                      ; 0.528 ns                ;
; N/A   ; Restricted to 500.00 MHz ( period = 2.000 ns ) ; shift_register:shift_register_inst|shift_reg[2][6] ; shift_register:shift_register_inst|shift_reg[3][6] ; i_clk      ; i_clk    ; None                        ; None                      ; 0.528 ns                ;
; N/A   ; Restricted to 500.00 MHz ( period = 2.000 ns ) ; shift_register:shift_register_inst|shift_reg[2][7] ; shift_register:shift_register_inst|shift_reg[3][7] ; i_clk      ; i_clk    ; None                        ; None                      ; 0.528 ns                ;
; N/A   ; Restricted to 500.00 MHz ( period = 2.000 ns ) ; shift_register:shift_register_inst|shift_reg[4][1] ; shift_register:shift_register_inst|shift_reg[5][1] ; i_clk      ; i_clk    ; None                        ; None                      ; 0.528 ns                ;
; N/A   ; Restricted to 500.00 MHz ( period = 2.000 ns ) ; shift_register:shift_register_inst|shift_reg[4][4] ; shift_register:shift_register_inst|shift_reg[5][4] ; i_clk      ; i_clk    ; None                        ; None                      ; 0.528 ns                ;
; N/A   ; Restricted to 500.00 MHz ( period = 2.000 ns ) ; shift_register:shift_register_inst|shift_reg[1][1] ; shift_register:shift_register_inst|shift_reg[2][1] ; i_clk      ; i_clk    ; None                        ; None                      ; 0.527 ns                ;
; N/A   ; Restricted to 500.00 MHz ( period = 2.000 ns ) ; shift_register:shift_register_inst|shift_reg[3][3] ; shift_register:shift_register_inst|shift_reg[4][3] ; i_clk      ; i_clk    ; None                        ; None                      ; 0.526 ns                ;
; N/A   ; Restricted to 500.00 MHz ( period = 2.000 ns ) ; shift_register:shift_register_inst|shift_reg[0][4] ; shift_register:shift_register_inst|shift_reg[1][4] ; i_clk      ; i_clk    ; None                        ; None                      ; 0.525 ns                ;
; N/A   ; Restricted to 500.00 MHz ( period = 2.000 ns ) ; shift_register:shift_register_inst|shift_reg[1][4] ; shift_register:shift_register_inst|shift_reg[2][4] ; i_clk      ; i_clk    ; None                        ; None                      ; 0.525 ns                ;
; N/A   ; Restricted to 500.00 MHz ( period = 2.000 ns ) ; shift_register:shift_register_inst|shift_reg[1][5] ; shift_register:shift_register_inst|shift_reg[2][5] ; i_clk      ; i_clk    ; None                        ; None                      ; 0.525 ns                ;
; N/A   ; Restricted to 500.00 MHz ( period = 2.000 ns ) ; shift_register:shift_register_inst|shift_reg[0][1] ; shift_register:shift_register_inst|shift_reg[1][1] ; i_clk      ; i_clk    ; None                        ; None                      ; 0.524 ns                ;
; N/A   ; Restricted to 500.00 MHz ( period = 2.000 ns ) ; shift_register:shift_register_inst|shift_reg[1][2] ; shift_register:shift_register_inst|shift_reg[2][2] ; i_clk      ; i_clk    ; None                        ; None                      ; 0.524 ns                ;
; N/A   ; Restricted to 500.00 MHz ( period = 2.000 ns ) ; shift_register:shift_register_inst|shift_reg[2][2] ; shift_register:shift_register_inst|shift_reg[3][2] ; i_clk      ; i_clk    ; None                        ; None                      ; 0.524 ns                ;
; N/A   ; Restricted to 500.00 MHz ( period = 2.000 ns ) ; shift_register:shift_register_inst|shift_reg[4][3] ; shift_register:shift_register_inst|shift_reg[5][3] ; i_clk      ; i_clk    ; None                        ; None                      ; 0.524 ns                ;
; N/A   ; Restricted to 500.00 MHz ( period = 2.000 ns ) ; shift_register:shift_register_inst|shift_reg[2][0] ; shift_register:shift_register_inst|shift_reg[3][0] ; i_clk      ; i_clk    ; None                        ; None                      ; 0.523 ns                ;
; N/A   ; Restricted to 500.00 MHz ( period = 2.000 ns ) ; shift_register:shift_register_inst|shift_reg[1][0] ; shift_register:shift_register_inst|shift_reg[2][0] ; i_clk      ; i_clk    ; None                        ; None                      ; 0.522 ns                ;
; N/A   ; Restricted to 500.00 MHz ( period = 2.000 ns ) ; shift_register:shift_register_inst|shift_reg[0][0] ; shift_register:shift_register_inst|shift_reg[1][0] ; i_clk      ; i_clk    ; None                        ; None                      ; 0.521 ns                ;
; N/A   ; Restricted to 500.00 MHz ( period = 2.000 ns ) ; shift_register:shift_register_inst|shift_reg[2][1] ; shift_register:shift_register_inst|shift_reg[3][1] ; i_clk      ; i_clk    ; None                        ; None                      ; 0.521 ns                ;
; N/A   ; Restricted to 500.00 MHz ( period = 2.000 ns ) ; shift_register:shift_register_inst|shift_reg[2][5] ; shift_register:shift_register_inst|shift_reg[3][5] ; i_clk      ; i_clk    ; None                        ; None                      ; 0.521 ns                ;
; N/A   ; Restricted to 500.00 MHz ( period = 2.000 ns ) ; shift_register:shift_register_inst|shift_reg[3][7] ; shift_register:shift_register_inst|shift_reg[4][7] ; i_clk      ; i_clk    ; None                        ; None                      ; 0.521 ns                ;
; N/A   ; Restricted to 500.00 MHz ( period = 2.000 ns ) ; shift_register:shift_register_inst|shift_reg[0][5] ; shift_register:shift_register_inst|shift_reg[1][5] ; i_clk      ; i_clk    ; None                        ; None                      ; 0.520 ns                ;
; N/A   ; Restricted to 500.00 MHz ( period = 2.000 ns ) ; shift_register:shift_register_inst|shift_reg[0][7] ; shift_register:shift_register_inst|shift_reg[1][7] ; i_clk      ; i_clk    ; None                        ; None                      ; 0.520 ns                ;
; N/A   ; Restricted to 500.00 MHz ( period = 2.000 ns ) ; shift_register:shift_register_inst|shift_reg[3][1] ; shift_register:shift_register_inst|shift_reg[4][1] ; i_clk      ; i_clk    ; None                        ; None                      ; 0.520 ns                ;
; N/A   ; Restricted to 500.00 MHz ( period = 2.000 ns ) ; shift_register:shift_register_inst|shift_reg[4][5] ; shift_register:shift_register_inst|shift_reg[5][5] ; i_clk      ; i_clk    ; None                        ; None                      ; 0.520 ns                ;
; N/A   ; Restricted to 500.00 MHz ( period = 2.000 ns ) ; shift_register:shift_register_inst|shift_reg[4][0] ; shift_register:shift_register_inst|shift_reg[5][0] ; i_clk      ; i_clk    ; None                        ; None                      ; 0.519 ns                ;
; N/A   ; Restricted to 500.00 MHz ( period = 2.000 ns ) ; shift_register:shift_register_inst|shift_reg[4][6] ; shift_register:shift_register_inst|shift_reg[5][6] ; i_clk      ; i_clk    ; None                        ; None                      ; 0.519 ns                ;
; N/A   ; Restricted to 500.00 MHz ( period = 2.000 ns ) ; shift_register:shift_register_inst|shift_reg[0][3] ; shift_register:shift_register_inst|shift_reg[1][3] ; i_clk      ; i_clk    ; None                        ; None                      ; 0.517 ns                ;
; N/A   ; Restricted to 500.00 MHz ( period = 2.000 ns ) ; shift_register:shift_register_inst|shift_reg[4][2] ; shift_register:shift_register_inst|shift_reg[5][2] ; i_clk      ; i_clk    ; None                        ; None                      ; 0.517 ns                ;
; N/A   ; Restricted to 500.00 MHz ( period = 2.000 ns ) ; shift_register:shift_register_inst|shift_reg[0][6] ; shift_register:shift_register_inst|shift_reg[1][6] ; i_clk      ; i_clk    ; None                        ; None                      ; 0.516 ns                ;
; N/A   ; Restricted to 500.00 MHz ( period = 2.000 ns ) ; spi_counter:spi_counter_inst|count[2]              ; spi_counter:spi_counter_inst|count[2]              ; i_clk      ; i_clk    ; None                        ; None                      ; 0.488 ns                ;
; N/A   ; Restricted to 500.00 MHz ( period = 2.000 ns ) ; spi_counter:spi_counter_inst|count[0]              ; spi_counter:spi_counter_inst|count[0]              ; i_clk      ; i_clk    ; None                        ; None                      ; 0.488 ns                ;
; N/A   ; Restricted to 500.00 MHz ( period = 2.000 ns ) ; spi_counter:spi_counter_inst|count[1]              ; spi_counter:spi_counter_inst|count[1]              ; i_clk      ; i_clk    ; None                        ; None                      ; 0.488 ns                ;
; N/A   ; Restricted to 500.00 MHz ( period = 2.000 ns ) ; spi_counter:spi_counter_inst|count[2]              ; spi_counter:spi_counter_inst|count[1]              ; i_clk      ; i_clk    ; None                        ; None                      ; 0.412 ns                ;
+-------+------------------------------------------------+----------------------------------------------------+----------------------------------------------------+------------+----------+-----------------------------+---------------------------+-------------------------+


+---------------------------------------------------------------------------------------------------------------+
; tsu                                                                                                           ;
+-------+--------------+------------+-----------+----------------------------------------------------+----------+
; Slack ; Required tsu ; Actual tsu ; From      ; To                                                 ; To Clock ;
+-------+--------------+------------+-----------+----------------------------------------------------+----------+
; N/A   ; None         ; 5.682 ns   ; i_sck     ; shift_register:shift_register_inst|shift_reg[0][0] ; i_clk    ;
; N/A   ; None         ; 5.682 ns   ; i_sck     ; shift_register:shift_register_inst|shift_reg[0][1] ; i_clk    ;
; N/A   ; None         ; 5.682 ns   ; i_sck     ; shift_register:shift_register_inst|shift_reg[0][2] ; i_clk    ;
; N/A   ; None         ; 5.682 ns   ; i_sck     ; shift_register:shift_register_inst|shift_reg[1][0] ; i_clk    ;
; N/A   ; None         ; 5.682 ns   ; i_sck     ; shift_register:shift_register_inst|shift_reg[1][1] ; i_clk    ;
; N/A   ; None         ; 5.682 ns   ; i_sck     ; shift_register:shift_register_inst|shift_reg[1][2] ; i_clk    ;
; N/A   ; None         ; 5.682 ns   ; i_sck     ; shift_register:shift_register_inst|shift_reg[2][0] ; i_clk    ;
; N/A   ; None         ; 5.682 ns   ; i_sck     ; shift_register:shift_register_inst|shift_reg[2][1] ; i_clk    ;
; N/A   ; None         ; 5.682 ns   ; i_sck     ; shift_register:shift_register_inst|shift_reg[2][2] ; i_clk    ;
; N/A   ; None         ; 5.682 ns   ; i_sck     ; shift_register:shift_register_inst|shift_reg[3][0] ; i_clk    ;
; N/A   ; None         ; 5.682 ns   ; i_sck     ; shift_register:shift_register_inst|shift_reg[3][1] ; i_clk    ;
; N/A   ; None         ; 5.682 ns   ; i_sck     ; shift_register:shift_register_inst|shift_reg[3][2] ; i_clk    ;
; N/A   ; None         ; 5.682 ns   ; i_sck     ; shift_register:shift_register_inst|shift_reg[4][0] ; i_clk    ;
; N/A   ; None         ; 5.682 ns   ; i_sck     ; shift_register:shift_register_inst|shift_reg[4][1] ; i_clk    ;
; N/A   ; None         ; 5.682 ns   ; i_sck     ; shift_register:shift_register_inst|shift_reg[5][0] ; i_clk    ;
; N/A   ; None         ; 5.682 ns   ; i_sck     ; shift_register:shift_register_inst|shift_reg[5][1] ; i_clk    ;
; N/A   ; None         ; 5.490 ns   ; i_rstn    ; shift_register:shift_register_inst|shift_reg[0][0] ; i_clk    ;
; N/A   ; None         ; 5.490 ns   ; i_rstn    ; shift_register:shift_register_inst|shift_reg[0][1] ; i_clk    ;
; N/A   ; None         ; 5.490 ns   ; i_rstn    ; shift_register:shift_register_inst|shift_reg[0][2] ; i_clk    ;
; N/A   ; None         ; 5.490 ns   ; i_rstn    ; shift_register:shift_register_inst|shift_reg[1][0] ; i_clk    ;
; N/A   ; None         ; 5.490 ns   ; i_rstn    ; shift_register:shift_register_inst|shift_reg[1][1] ; i_clk    ;
; N/A   ; None         ; 5.490 ns   ; i_rstn    ; shift_register:shift_register_inst|shift_reg[1][2] ; i_clk    ;
; N/A   ; None         ; 5.490 ns   ; i_rstn    ; shift_register:shift_register_inst|shift_reg[2][0] ; i_clk    ;
; N/A   ; None         ; 5.490 ns   ; i_rstn    ; shift_register:shift_register_inst|shift_reg[2][1] ; i_clk    ;
; N/A   ; None         ; 5.490 ns   ; i_rstn    ; shift_register:shift_register_inst|shift_reg[2][2] ; i_clk    ;
; N/A   ; None         ; 5.490 ns   ; i_rstn    ; shift_register:shift_register_inst|shift_reg[3][0] ; i_clk    ;
; N/A   ; None         ; 5.490 ns   ; i_rstn    ; shift_register:shift_register_inst|shift_reg[3][1] ; i_clk    ;
; N/A   ; None         ; 5.490 ns   ; i_rstn    ; shift_register:shift_register_inst|shift_reg[3][2] ; i_clk    ;
; N/A   ; None         ; 5.490 ns   ; i_rstn    ; shift_register:shift_register_inst|shift_reg[4][0] ; i_clk    ;
; N/A   ; None         ; 5.490 ns   ; i_rstn    ; shift_register:shift_register_inst|shift_reg[4][1] ; i_clk    ;
; N/A   ; None         ; 5.490 ns   ; i_rstn    ; shift_register:shift_register_inst|shift_reg[5][0] ; i_clk    ;
; N/A   ; None         ; 5.490 ns   ; i_rstn    ; shift_register:shift_register_inst|shift_reg[5][1] ; i_clk    ;
; N/A   ; None         ; 5.478 ns   ; i_sck     ; shift_register:shift_register_inst|shift_reg[0][6] ; i_clk    ;
; N/A   ; None         ; 5.478 ns   ; i_sck     ; shift_register:shift_register_inst|shift_reg[0][7] ; i_clk    ;
; N/A   ; None         ; 5.478 ns   ; i_sck     ; shift_register:shift_register_inst|shift_reg[1][6] ; i_clk    ;
; N/A   ; None         ; 5.478 ns   ; i_sck     ; shift_register:shift_register_inst|shift_reg[1][7] ; i_clk    ;
; N/A   ; None         ; 5.478 ns   ; i_sck     ; shift_register:shift_register_inst|shift_reg[2][6] ; i_clk    ;
; N/A   ; None         ; 5.478 ns   ; i_sck     ; shift_register:shift_register_inst|shift_reg[2][7] ; i_clk    ;
; N/A   ; None         ; 5.478 ns   ; i_sck     ; shift_register:shift_register_inst|shift_reg[3][6] ; i_clk    ;
; N/A   ; None         ; 5.478 ns   ; i_sck     ; shift_register:shift_register_inst|shift_reg[3][7] ; i_clk    ;
; N/A   ; None         ; 5.478 ns   ; i_sck     ; shift_register:shift_register_inst|shift_reg[4][2] ; i_clk    ;
; N/A   ; None         ; 5.478 ns   ; i_sck     ; shift_register:shift_register_inst|shift_reg[4][5] ; i_clk    ;
; N/A   ; None         ; 5.478 ns   ; i_sck     ; shift_register:shift_register_inst|shift_reg[4][6] ; i_clk    ;
; N/A   ; None         ; 5.478 ns   ; i_sck     ; shift_register:shift_register_inst|shift_reg[4][7] ; i_clk    ;
; N/A   ; None         ; 5.478 ns   ; i_sck     ; shift_register:shift_register_inst|shift_reg[5][2] ; i_clk    ;
; N/A   ; None         ; 5.478 ns   ; i_sck     ; shift_register:shift_register_inst|shift_reg[5][5] ; i_clk    ;
; N/A   ; None         ; 5.478 ns   ; i_sck     ; shift_register:shift_register_inst|shift_reg[5][6] ; i_clk    ;
; N/A   ; None         ; 5.478 ns   ; i_sck     ; shift_register:shift_register_inst|shift_reg[5][7] ; i_clk    ;
; N/A   ; None         ; 5.475 ns   ; i_sck     ; spi_counter:spi_counter_inst|count[2]              ; i_clk    ;
; N/A   ; None         ; 5.475 ns   ; i_sck     ; spi_counter:spi_counter_inst|count[0]              ; i_clk    ;
; N/A   ; None         ; 5.475 ns   ; i_sck     ; spi_counter:spi_counter_inst|count[1]              ; i_clk    ;
; N/A   ; None         ; 5.286 ns   ; i_rstn    ; shift_register:shift_register_inst|shift_reg[0][6] ; i_clk    ;
; N/A   ; None         ; 5.286 ns   ; i_rstn    ; shift_register:shift_register_inst|shift_reg[0][7] ; i_clk    ;
; N/A   ; None         ; 5.286 ns   ; i_rstn    ; shift_register:shift_register_inst|shift_reg[1][6] ; i_clk    ;
; N/A   ; None         ; 5.286 ns   ; i_rstn    ; shift_register:shift_register_inst|shift_reg[1][7] ; i_clk    ;
; N/A   ; None         ; 5.286 ns   ; i_rstn    ; shift_register:shift_register_inst|shift_reg[2][6] ; i_clk    ;
; N/A   ; None         ; 5.286 ns   ; i_rstn    ; shift_register:shift_register_inst|shift_reg[2][7] ; i_clk    ;
; N/A   ; None         ; 5.286 ns   ; i_rstn    ; shift_register:shift_register_inst|shift_reg[3][6] ; i_clk    ;
; N/A   ; None         ; 5.286 ns   ; i_rstn    ; shift_register:shift_register_inst|shift_reg[3][7] ; i_clk    ;
; N/A   ; None         ; 5.286 ns   ; i_rstn    ; shift_register:shift_register_inst|shift_reg[4][2] ; i_clk    ;
; N/A   ; None         ; 5.286 ns   ; i_rstn    ; shift_register:shift_register_inst|shift_reg[4][5] ; i_clk    ;
; N/A   ; None         ; 5.286 ns   ; i_rstn    ; shift_register:shift_register_inst|shift_reg[4][6] ; i_clk    ;
; N/A   ; None         ; 5.286 ns   ; i_rstn    ; shift_register:shift_register_inst|shift_reg[4][7] ; i_clk    ;
; N/A   ; None         ; 5.286 ns   ; i_rstn    ; shift_register:shift_register_inst|shift_reg[5][2] ; i_clk    ;
; N/A   ; None         ; 5.286 ns   ; i_rstn    ; shift_register:shift_register_inst|shift_reg[5][5] ; i_clk    ;
; N/A   ; None         ; 5.286 ns   ; i_rstn    ; shift_register:shift_register_inst|shift_reg[5][6] ; i_clk    ;
; N/A   ; None         ; 5.286 ns   ; i_rstn    ; shift_register:shift_register_inst|shift_reg[5][7] ; i_clk    ;
; N/A   ; None         ; 5.283 ns   ; i_rstn    ; spi_counter:spi_counter_inst|count[2]              ; i_clk    ;
; N/A   ; None         ; 5.283 ns   ; i_rstn    ; spi_counter:spi_counter_inst|count[0]              ; i_clk    ;
; N/A   ; None         ; 5.283 ns   ; i_rstn    ; spi_counter:spi_counter_inst|count[1]              ; i_clk    ;
; N/A   ; None         ; 5.016 ns   ; i_sck     ; shift_register:shift_register_inst|shift_reg[0][3] ; i_clk    ;
; N/A   ; None         ; 5.016 ns   ; i_sck     ; shift_register:shift_register_inst|shift_reg[0][4] ; i_clk    ;
; N/A   ; None         ; 5.016 ns   ; i_sck     ; shift_register:shift_register_inst|shift_reg[0][5] ; i_clk    ;
; N/A   ; None         ; 5.016 ns   ; i_sck     ; shift_register:shift_register_inst|shift_reg[1][3] ; i_clk    ;
; N/A   ; None         ; 5.016 ns   ; i_sck     ; shift_register:shift_register_inst|shift_reg[1][4] ; i_clk    ;
; N/A   ; None         ; 5.016 ns   ; i_sck     ; shift_register:shift_register_inst|shift_reg[1][5] ; i_clk    ;
; N/A   ; None         ; 5.016 ns   ; i_sck     ; shift_register:shift_register_inst|shift_reg[2][3] ; i_clk    ;
; N/A   ; None         ; 5.016 ns   ; i_sck     ; shift_register:shift_register_inst|shift_reg[2][4] ; i_clk    ;
; N/A   ; None         ; 5.016 ns   ; i_sck     ; shift_register:shift_register_inst|shift_reg[2][5] ; i_clk    ;
; N/A   ; None         ; 5.016 ns   ; i_sck     ; shift_register:shift_register_inst|shift_reg[3][3] ; i_clk    ;
; N/A   ; None         ; 5.016 ns   ; i_sck     ; shift_register:shift_register_inst|shift_reg[3][4] ; i_clk    ;
; N/A   ; None         ; 5.016 ns   ; i_sck     ; shift_register:shift_register_inst|shift_reg[3][5] ; i_clk    ;
; N/A   ; None         ; 5.016 ns   ; i_sck     ; shift_register:shift_register_inst|shift_reg[4][3] ; i_clk    ;
; N/A   ; None         ; 5.016 ns   ; i_sck     ; shift_register:shift_register_inst|shift_reg[4][4] ; i_clk    ;
; N/A   ; None         ; 5.016 ns   ; i_sck     ; shift_register:shift_register_inst|shift_reg[5][3] ; i_clk    ;
; N/A   ; None         ; 5.016 ns   ; i_sck     ; shift_register:shift_register_inst|shift_reg[5][4] ; i_clk    ;
; N/A   ; None         ; 4.826 ns   ; i_ssn     ; shift_register:shift_register_inst|shift_reg[0][0] ; i_clk    ;
; N/A   ; None         ; 4.826 ns   ; i_ssn     ; shift_register:shift_register_inst|shift_reg[0][1] ; i_clk    ;
; N/A   ; None         ; 4.826 ns   ; i_ssn     ; shift_register:shift_register_inst|shift_reg[0][2] ; i_clk    ;
; N/A   ; None         ; 4.826 ns   ; i_ssn     ; shift_register:shift_register_inst|shift_reg[1][0] ; i_clk    ;
; N/A   ; None         ; 4.826 ns   ; i_ssn     ; shift_register:shift_register_inst|shift_reg[1][1] ; i_clk    ;
; N/A   ; None         ; 4.826 ns   ; i_ssn     ; shift_register:shift_register_inst|shift_reg[1][2] ; i_clk    ;
; N/A   ; None         ; 4.826 ns   ; i_ssn     ; shift_register:shift_register_inst|shift_reg[2][0] ; i_clk    ;
; N/A   ; None         ; 4.826 ns   ; i_ssn     ; shift_register:shift_register_inst|shift_reg[2][1] ; i_clk    ;
; N/A   ; None         ; 4.826 ns   ; i_ssn     ; shift_register:shift_register_inst|shift_reg[2][2] ; i_clk    ;
; N/A   ; None         ; 4.826 ns   ; i_ssn     ; shift_register:shift_register_inst|shift_reg[3][0] ; i_clk    ;
; N/A   ; None         ; 4.826 ns   ; i_ssn     ; shift_register:shift_register_inst|shift_reg[3][1] ; i_clk    ;
; N/A   ; None         ; 4.826 ns   ; i_ssn     ; shift_register:shift_register_inst|shift_reg[3][2] ; i_clk    ;
; N/A   ; None         ; 4.826 ns   ; i_ssn     ; shift_register:shift_register_inst|shift_reg[4][0] ; i_clk    ;
; N/A   ; None         ; 4.826 ns   ; i_ssn     ; shift_register:shift_register_inst|shift_reg[4][1] ; i_clk    ;
; N/A   ; None         ; 4.826 ns   ; i_ssn     ; shift_register:shift_register_inst|shift_reg[5][0] ; i_clk    ;
; N/A   ; None         ; 4.826 ns   ; i_ssn     ; shift_register:shift_register_inst|shift_reg[5][1] ; i_clk    ;
; N/A   ; None         ; 4.824 ns   ; i_rstn    ; shift_register:shift_register_inst|shift_reg[0][3] ; i_clk    ;
; N/A   ; None         ; 4.824 ns   ; i_rstn    ; shift_register:shift_register_inst|shift_reg[0][4] ; i_clk    ;
; N/A   ; None         ; 4.824 ns   ; i_rstn    ; shift_register:shift_register_inst|shift_reg[0][5] ; i_clk    ;
; N/A   ; None         ; 4.824 ns   ; i_rstn    ; shift_register:shift_register_inst|shift_reg[1][3] ; i_clk    ;
; N/A   ; None         ; 4.824 ns   ; i_rstn    ; shift_register:shift_register_inst|shift_reg[1][4] ; i_clk    ;
; N/A   ; None         ; 4.824 ns   ; i_rstn    ; shift_register:shift_register_inst|shift_reg[1][5] ; i_clk    ;
; N/A   ; None         ; 4.824 ns   ; i_rstn    ; shift_register:shift_register_inst|shift_reg[2][3] ; i_clk    ;
; N/A   ; None         ; 4.824 ns   ; i_rstn    ; shift_register:shift_register_inst|shift_reg[2][4] ; i_clk    ;
; N/A   ; None         ; 4.824 ns   ; i_rstn    ; shift_register:shift_register_inst|shift_reg[2][5] ; i_clk    ;
; N/A   ; None         ; 4.824 ns   ; i_rstn    ; shift_register:shift_register_inst|shift_reg[3][3] ; i_clk    ;
; N/A   ; None         ; 4.824 ns   ; i_rstn    ; shift_register:shift_register_inst|shift_reg[3][4] ; i_clk    ;
; N/A   ; None         ; 4.824 ns   ; i_rstn    ; shift_register:shift_register_inst|shift_reg[3][5] ; i_clk    ;
; N/A   ; None         ; 4.824 ns   ; i_rstn    ; shift_register:shift_register_inst|shift_reg[4][3] ; i_clk    ;
; N/A   ; None         ; 4.824 ns   ; i_rstn    ; shift_register:shift_register_inst|shift_reg[4][4] ; i_clk    ;
; N/A   ; None         ; 4.824 ns   ; i_rstn    ; shift_register:shift_register_inst|shift_reg[5][3] ; i_clk    ;
; N/A   ; None         ; 4.824 ns   ; i_rstn    ; shift_register:shift_register_inst|shift_reg[5][4] ; i_clk    ;
; N/A   ; None         ; 4.622 ns   ; i_ssn     ; shift_register:shift_register_inst|shift_reg[0][6] ; i_clk    ;
; N/A   ; None         ; 4.622 ns   ; i_ssn     ; shift_register:shift_register_inst|shift_reg[0][7] ; i_clk    ;
; N/A   ; None         ; 4.622 ns   ; i_ssn     ; shift_register:shift_register_inst|shift_reg[1][6] ; i_clk    ;
; N/A   ; None         ; 4.622 ns   ; i_ssn     ; shift_register:shift_register_inst|shift_reg[1][7] ; i_clk    ;
; N/A   ; None         ; 4.622 ns   ; i_ssn     ; shift_register:shift_register_inst|shift_reg[2][6] ; i_clk    ;
; N/A   ; None         ; 4.622 ns   ; i_ssn     ; shift_register:shift_register_inst|shift_reg[2][7] ; i_clk    ;
; N/A   ; None         ; 4.622 ns   ; i_ssn     ; shift_register:shift_register_inst|shift_reg[3][6] ; i_clk    ;
; N/A   ; None         ; 4.622 ns   ; i_ssn     ; shift_register:shift_register_inst|shift_reg[3][7] ; i_clk    ;
; N/A   ; None         ; 4.622 ns   ; i_ssn     ; shift_register:shift_register_inst|shift_reg[4][2] ; i_clk    ;
; N/A   ; None         ; 4.622 ns   ; i_ssn     ; shift_register:shift_register_inst|shift_reg[4][5] ; i_clk    ;
; N/A   ; None         ; 4.622 ns   ; i_ssn     ; shift_register:shift_register_inst|shift_reg[4][6] ; i_clk    ;
; N/A   ; None         ; 4.622 ns   ; i_ssn     ; shift_register:shift_register_inst|shift_reg[4][7] ; i_clk    ;
; N/A   ; None         ; 4.622 ns   ; i_ssn     ; shift_register:shift_register_inst|shift_reg[5][2] ; i_clk    ;
; N/A   ; None         ; 4.622 ns   ; i_ssn     ; shift_register:shift_register_inst|shift_reg[5][5] ; i_clk    ;
; N/A   ; None         ; 4.622 ns   ; i_ssn     ; shift_register:shift_register_inst|shift_reg[5][6] ; i_clk    ;
; N/A   ; None         ; 4.622 ns   ; i_ssn     ; shift_register:shift_register_inst|shift_reg[5][7] ; i_clk    ;
; N/A   ; None         ; 4.620 ns   ; i_ssn     ; spi_counter:spi_counter_inst|count[2]              ; i_clk    ;
; N/A   ; None         ; 4.620 ns   ; i_ssn     ; spi_counter:spi_counter_inst|count[0]              ; i_clk    ;
; N/A   ; None         ; 4.620 ns   ; i_ssn     ; spi_counter:spi_counter_inst|count[1]              ; i_clk    ;
; N/A   ; None         ; 4.603 ns   ; i_rstn    ; edge_detector:edge_detector_inst|sck_d             ; i_clk    ;
; N/A   ; None         ; 4.475 ns   ; i_sck     ; edge_detector:edge_detector_inst|sck_d             ; i_clk    ;
; N/A   ; None         ; 4.160 ns   ; i_ssn     ; shift_register:shift_register_inst|shift_reg[0][3] ; i_clk    ;
; N/A   ; None         ; 4.160 ns   ; i_ssn     ; shift_register:shift_register_inst|shift_reg[0][4] ; i_clk    ;
; N/A   ; None         ; 4.160 ns   ; i_ssn     ; shift_register:shift_register_inst|shift_reg[0][5] ; i_clk    ;
; N/A   ; None         ; 4.160 ns   ; i_ssn     ; shift_register:shift_register_inst|shift_reg[1][3] ; i_clk    ;
; N/A   ; None         ; 4.160 ns   ; i_ssn     ; shift_register:shift_register_inst|shift_reg[1][4] ; i_clk    ;
; N/A   ; None         ; 4.160 ns   ; i_ssn     ; shift_register:shift_register_inst|shift_reg[1][5] ; i_clk    ;
; N/A   ; None         ; 4.160 ns   ; i_ssn     ; shift_register:shift_register_inst|shift_reg[2][3] ; i_clk    ;
; N/A   ; None         ; 4.160 ns   ; i_ssn     ; shift_register:shift_register_inst|shift_reg[2][4] ; i_clk    ;
; N/A   ; None         ; 4.160 ns   ; i_ssn     ; shift_register:shift_register_inst|shift_reg[2][5] ; i_clk    ;
; N/A   ; None         ; 4.160 ns   ; i_ssn     ; shift_register:shift_register_inst|shift_reg[3][3] ; i_clk    ;
; N/A   ; None         ; 4.160 ns   ; i_ssn     ; shift_register:shift_register_inst|shift_reg[3][4] ; i_clk    ;
; N/A   ; None         ; 4.160 ns   ; i_ssn     ; shift_register:shift_register_inst|shift_reg[3][5] ; i_clk    ;
; N/A   ; None         ; 4.160 ns   ; i_ssn     ; shift_register:shift_register_inst|shift_reg[4][3] ; i_clk    ;
; N/A   ; None         ; 4.160 ns   ; i_ssn     ; shift_register:shift_register_inst|shift_reg[4][4] ; i_clk    ;
; N/A   ; None         ; 4.160 ns   ; i_ssn     ; shift_register:shift_register_inst|shift_reg[5][3] ; i_clk    ;
; N/A   ; None         ; 4.160 ns   ; i_ssn     ; shift_register:shift_register_inst|shift_reg[5][4] ; i_clk    ;
; N/A   ; None         ; 3.326 ns   ; i_mosi[2] ; shift_register:shift_register_inst|shift_reg[0][2] ; i_clk    ;
; N/A   ; None         ; 3.250 ns   ; i_mosi[6] ; shift_register:shift_register_inst|shift_reg[0][6] ; i_clk    ;
; N/A   ; None         ; 3.220 ns   ; i_mosi[5] ; shift_register:shift_register_inst|shift_reg[0][5] ; i_clk    ;
; N/A   ; None         ; 3.106 ns   ; i_mosi[3] ; shift_register:shift_register_inst|shift_reg[0][3] ; i_clk    ;
; N/A   ; None         ; 2.998 ns   ; i_mosi[1] ; shift_register:shift_register_inst|shift_reg[0][1] ; i_clk    ;
; N/A   ; None         ; 2.843 ns   ; i_mosi[7] ; shift_register:shift_register_inst|shift_reg[0][7] ; i_clk    ;
; N/A   ; None         ; 2.801 ns   ; i_mosi[4] ; shift_register:shift_register_inst|shift_reg[0][4] ; i_clk    ;
; N/A   ; None         ; 2.697 ns   ; i_mosi[0] ; shift_register:shift_register_inst|shift_reg[0][0] ; i_clk    ;
+-------+--------------+------------+-----------+----------------------------------------------------+----------+


+------------------------------------------------------------------------------------------------------------------+
; tco                                                                                                              ;
+-------+--------------+------------+----------------------------------------------------+------------+------------+
; Slack ; Required tco ; Actual tco ; From                                               ; To         ; From Clock ;
+-------+--------------+------------+----------------------------------------------------+------------+------------+
; N/A   ; None         ; 7.407 ns   ; shift_register:shift_register_inst|shift_reg[2][1] ; o_data[17] ; i_clk      ;
; N/A   ; None         ; 6.956 ns   ; shift_register:shift_register_inst|shift_reg[1][7] ; o_data[15] ; i_clk      ;
; N/A   ; None         ; 6.904 ns   ; shift_register:shift_register_inst|shift_reg[5][2] ; o_data[42] ; i_clk      ;
; N/A   ; None         ; 6.675 ns   ; shift_register:shift_register_inst|shift_reg[3][4] ; o_data[28] ; i_clk      ;
; N/A   ; None         ; 6.596 ns   ; shift_register:shift_register_inst|shift_reg[4][4] ; o_data[36] ; i_clk      ;
; N/A   ; None         ; 6.561 ns   ; shift_register:shift_register_inst|shift_reg[1][5] ; o_data[13] ; i_clk      ;
; N/A   ; None         ; 6.437 ns   ; shift_register:shift_register_inst|shift_reg[4][7] ; o_data[39] ; i_clk      ;
; N/A   ; None         ; 6.301 ns   ; edge_detector:edge_detector_inst|sck_d             ; o_valid    ; i_clk      ;
; N/A   ; None         ; 6.012 ns   ; shift_register:shift_register_inst|shift_reg[0][6] ; o_data[6]  ; i_clk      ;
; N/A   ; None         ; 5.944 ns   ; shift_register:shift_register_inst|shift_reg[3][2] ; o_data[26] ; i_clk      ;
; N/A   ; None         ; 5.901 ns   ; shift_register:shift_register_inst|shift_reg[1][0] ; o_data[8]  ; i_clk      ;
; N/A   ; None         ; 5.814 ns   ; shift_register:shift_register_inst|shift_reg[1][4] ; o_data[12] ; i_clk      ;
; N/A   ; None         ; 5.786 ns   ; shift_register:shift_register_inst|shift_reg[3][5] ; o_data[29] ; i_clk      ;
; N/A   ; None         ; 5.717 ns   ; spi_counter:spi_counter_inst|count[1]              ; o_valid    ; i_clk      ;
; N/A   ; None         ; 5.709 ns   ; spi_counter:spi_counter_inst|count[0]              ; o_valid    ; i_clk      ;
; N/A   ; None         ; 5.675 ns   ; shift_register:shift_register_inst|shift_reg[2][7] ; o_data[23] ; i_clk      ;
; N/A   ; None         ; 5.658 ns   ; shift_register:shift_register_inst|shift_reg[5][5] ; o_data[45] ; i_clk      ;
; N/A   ; None         ; 5.656 ns   ; shift_register:shift_register_inst|shift_reg[4][1] ; o_data[33] ; i_clk      ;
; N/A   ; None         ; 5.649 ns   ; shift_register:shift_register_inst|shift_reg[2][2] ; o_data[18] ; i_clk      ;
; N/A   ; None         ; 5.625 ns   ; shift_register:shift_register_inst|shift_reg[1][2] ; o_data[10] ; i_clk      ;
; N/A   ; None         ; 5.476 ns   ; shift_register:shift_register_inst|shift_reg[5][7] ; o_data[47] ; i_clk      ;
; N/A   ; None         ; 5.464 ns   ; shift_register:shift_register_inst|shift_reg[3][6] ; o_data[30] ; i_clk      ;
; N/A   ; None         ; 5.461 ns   ; spi_counter:spi_counter_inst|count[2]              ; o_valid    ; i_clk      ;
; N/A   ; None         ; 5.418 ns   ; shift_register:shift_register_inst|shift_reg[2][5] ; o_data[21] ; i_clk      ;
; N/A   ; None         ; 5.365 ns   ; shift_register:shift_register_inst|shift_reg[3][1] ; o_data[25] ; i_clk      ;
; N/A   ; None         ; 5.339 ns   ; shift_register:shift_register_inst|shift_reg[0][3] ; o_data[3]  ; i_clk      ;
; N/A   ; None         ; 5.330 ns   ; shift_register:shift_register_inst|shift_reg[5][4] ; o_data[44] ; i_clk      ;
; N/A   ; None         ; 5.316 ns   ; shift_register:shift_register_inst|shift_reg[1][1] ; o_data[9]  ; i_clk      ;
; N/A   ; None         ; 5.316 ns   ; shift_register:shift_register_inst|shift_reg[0][2] ; o_data[2]  ; i_clk      ;
; N/A   ; None         ; 5.312 ns   ; shift_register:shift_register_inst|shift_reg[1][3] ; o_data[11] ; i_clk      ;
; N/A   ; None         ; 5.309 ns   ; shift_register:shift_register_inst|shift_reg[0][5] ; o_data[5]  ; i_clk      ;
; N/A   ; None         ; 5.305 ns   ; shift_register:shift_register_inst|shift_reg[2][3] ; o_data[19] ; i_clk      ;
; N/A   ; None         ; 5.304 ns   ; shift_register:shift_register_inst|shift_reg[0][7] ; o_data[7]  ; i_clk      ;
; N/A   ; None         ; 5.301 ns   ; shift_register:shift_register_inst|shift_reg[5][1] ; o_data[41] ; i_clk      ;
; N/A   ; None         ; 5.277 ns   ; shift_register:shift_register_inst|shift_reg[3][3] ; o_data[27] ; i_clk      ;
; N/A   ; None         ; 5.276 ns   ; shift_register:shift_register_inst|shift_reg[4][6] ; o_data[38] ; i_clk      ;
; N/A   ; None         ; 5.256 ns   ; shift_register:shift_register_inst|shift_reg[0][1] ; o_data[1]  ; i_clk      ;
; N/A   ; None         ; 5.238 ns   ; shift_register:shift_register_inst|shift_reg[1][6] ; o_data[14] ; i_clk      ;
; N/A   ; None         ; 5.231 ns   ; shift_register:shift_register_inst|shift_reg[4][2] ; o_data[34] ; i_clk      ;
; N/A   ; None         ; 5.138 ns   ; shift_register:shift_register_inst|shift_reg[4][3] ; o_data[35] ; i_clk      ;
; N/A   ; None         ; 5.113 ns   ; shift_register:shift_register_inst|shift_reg[0][4] ; o_data[4]  ; i_clk      ;
; N/A   ; None         ; 5.110 ns   ; shift_register:shift_register_inst|shift_reg[2][4] ; o_data[20] ; i_clk      ;
; N/A   ; None         ; 5.107 ns   ; shift_register:shift_register_inst|shift_reg[5][0] ; o_data[40] ; i_clk      ;
; N/A   ; None         ; 5.083 ns   ; shift_register:shift_register_inst|shift_reg[5][3] ; o_data[43] ; i_clk      ;
; N/A   ; None         ; 5.077 ns   ; shift_register:shift_register_inst|shift_reg[2][0] ; o_data[16] ; i_clk      ;
; N/A   ; None         ; 5.075 ns   ; shift_register:shift_register_inst|shift_reg[3][7] ; o_data[31] ; i_clk      ;
; N/A   ; None         ; 5.073 ns   ; shift_register:shift_register_inst|shift_reg[4][5] ; o_data[37] ; i_clk      ;
; N/A   ; None         ; 5.073 ns   ; shift_register:shift_register_inst|shift_reg[2][6] ; o_data[22] ; i_clk      ;
; N/A   ; None         ; 5.063 ns   ; shift_register:shift_register_inst|shift_reg[4][0] ; o_data[32] ; i_clk      ;
; N/A   ; None         ; 5.061 ns   ; shift_register:shift_register_inst|shift_reg[5][6] ; o_data[46] ; i_clk      ;
; N/A   ; None         ; 5.056 ns   ; shift_register:shift_register_inst|shift_reg[0][0] ; o_data[0]  ; i_clk      ;
; N/A   ; None         ; 5.031 ns   ; shift_register:shift_register_inst|shift_reg[3][0] ; o_data[24] ; i_clk      ;
+-------+--------------+------------+----------------------------------------------------+------------+------------+


+---------------------------------------------------------------+
; tpd                                                           ;
+-------+-------------------+-----------------+-------+---------+
; Slack ; Required P2P Time ; Actual P2P Time ; From  ; To      ;
+-------+-------------------+-----------------+-------+---------+
; N/A   ; None              ; 8.548 ns        ; i_sck ; o_valid ;
; N/A   ; None              ; 7.596 ns        ; i_ssn ; o_valid ;
+-------+-------------------+-----------------+-------+---------+


+---------------------------------------------------------------------------------------------------------------------+
; th                                                                                                                  ;
+---------------+-------------+-----------+-----------+----------------------------------------------------+----------+
; Minimum Slack ; Required th ; Actual th ; From      ; To                                                 ; To Clock ;
+---------------+-------------+-----------+-----------+----------------------------------------------------+----------+
; N/A           ; None        ; -2.458 ns ; i_mosi[0] ; shift_register:shift_register_inst|shift_reg[0][0] ; i_clk    ;
; N/A           ; None        ; -2.562 ns ; i_mosi[4] ; shift_register:shift_register_inst|shift_reg[0][4] ; i_clk    ;
; N/A           ; None        ; -2.604 ns ; i_mosi[7] ; shift_register:shift_register_inst|shift_reg[0][7] ; i_clk    ;
; N/A           ; None        ; -2.759 ns ; i_mosi[1] ; shift_register:shift_register_inst|shift_reg[0][1] ; i_clk    ;
; N/A           ; None        ; -2.867 ns ; i_mosi[3] ; shift_register:shift_register_inst|shift_reg[0][3] ; i_clk    ;
; N/A           ; None        ; -2.981 ns ; i_mosi[5] ; shift_register:shift_register_inst|shift_reg[0][5] ; i_clk    ;
; N/A           ; None        ; -3.011 ns ; i_mosi[6] ; shift_register:shift_register_inst|shift_reg[0][6] ; i_clk    ;
; N/A           ; None        ; -3.068 ns ; i_rstn    ; spi_counter:spi_counter_inst|count[2]              ; i_clk    ;
; N/A           ; None        ; -3.087 ns ; i_mosi[2] ; shift_register:shift_register_inst|shift_reg[0][2] ; i_clk    ;
; N/A           ; None        ; -3.092 ns ; i_rstn    ; spi_counter:spi_counter_inst|count[1]              ; i_clk    ;
; N/A           ; None        ; -3.230 ns ; i_rstn    ; spi_counter:spi_counter_inst|count[0]              ; i_clk    ;
; N/A           ; None        ; -3.288 ns ; i_rstn    ; shift_register:shift_register_inst|shift_reg[0][6] ; i_clk    ;
; N/A           ; None        ; -3.288 ns ; i_rstn    ; shift_register:shift_register_inst|shift_reg[0][7] ; i_clk    ;
; N/A           ; None        ; -3.288 ns ; i_rstn    ; shift_register:shift_register_inst|shift_reg[1][6] ; i_clk    ;
; N/A           ; None        ; -3.288 ns ; i_rstn    ; shift_register:shift_register_inst|shift_reg[1][7] ; i_clk    ;
; N/A           ; None        ; -3.288 ns ; i_rstn    ; shift_register:shift_register_inst|shift_reg[2][6] ; i_clk    ;
; N/A           ; None        ; -3.288 ns ; i_rstn    ; shift_register:shift_register_inst|shift_reg[2][7] ; i_clk    ;
; N/A           ; None        ; -3.288 ns ; i_rstn    ; shift_register:shift_register_inst|shift_reg[3][6] ; i_clk    ;
; N/A           ; None        ; -3.288 ns ; i_rstn    ; shift_register:shift_register_inst|shift_reg[3][7] ; i_clk    ;
; N/A           ; None        ; -3.288 ns ; i_rstn    ; shift_register:shift_register_inst|shift_reg[4][2] ; i_clk    ;
; N/A           ; None        ; -3.288 ns ; i_rstn    ; shift_register:shift_register_inst|shift_reg[4][5] ; i_clk    ;
; N/A           ; None        ; -3.288 ns ; i_rstn    ; shift_register:shift_register_inst|shift_reg[4][6] ; i_clk    ;
; N/A           ; None        ; -3.288 ns ; i_rstn    ; shift_register:shift_register_inst|shift_reg[4][7] ; i_clk    ;
; N/A           ; None        ; -3.288 ns ; i_rstn    ; shift_register:shift_register_inst|shift_reg[5][2] ; i_clk    ;
; N/A           ; None        ; -3.288 ns ; i_rstn    ; shift_register:shift_register_inst|shift_reg[5][5] ; i_clk    ;
; N/A           ; None        ; -3.288 ns ; i_rstn    ; shift_register:shift_register_inst|shift_reg[5][6] ; i_clk    ;
; N/A           ; None        ; -3.288 ns ; i_rstn    ; shift_register:shift_register_inst|shift_reg[5][7] ; i_clk    ;
; N/A           ; None        ; -3.438 ns ; i_rstn    ; shift_register:shift_register_inst|shift_reg[0][3] ; i_clk    ;
; N/A           ; None        ; -3.438 ns ; i_rstn    ; shift_register:shift_register_inst|shift_reg[0][4] ; i_clk    ;
; N/A           ; None        ; -3.438 ns ; i_rstn    ; shift_register:shift_register_inst|shift_reg[0][5] ; i_clk    ;
; N/A           ; None        ; -3.438 ns ; i_rstn    ; shift_register:shift_register_inst|shift_reg[1][3] ; i_clk    ;
; N/A           ; None        ; -3.438 ns ; i_rstn    ; shift_register:shift_register_inst|shift_reg[1][4] ; i_clk    ;
; N/A           ; None        ; -3.438 ns ; i_rstn    ; shift_register:shift_register_inst|shift_reg[1][5] ; i_clk    ;
; N/A           ; None        ; -3.438 ns ; i_rstn    ; shift_register:shift_register_inst|shift_reg[2][3] ; i_clk    ;
; N/A           ; None        ; -3.438 ns ; i_rstn    ; shift_register:shift_register_inst|shift_reg[2][4] ; i_clk    ;
; N/A           ; None        ; -3.438 ns ; i_rstn    ; shift_register:shift_register_inst|shift_reg[2][5] ; i_clk    ;
; N/A           ; None        ; -3.438 ns ; i_rstn    ; shift_register:shift_register_inst|shift_reg[3][3] ; i_clk    ;
; N/A           ; None        ; -3.438 ns ; i_rstn    ; shift_register:shift_register_inst|shift_reg[3][4] ; i_clk    ;
; N/A           ; None        ; -3.438 ns ; i_rstn    ; shift_register:shift_register_inst|shift_reg[3][5] ; i_clk    ;
; N/A           ; None        ; -3.438 ns ; i_rstn    ; shift_register:shift_register_inst|shift_reg[4][3] ; i_clk    ;
; N/A           ; None        ; -3.438 ns ; i_rstn    ; shift_register:shift_register_inst|shift_reg[4][4] ; i_clk    ;
; N/A           ; None        ; -3.438 ns ; i_rstn    ; shift_register:shift_register_inst|shift_reg[5][3] ; i_clk    ;
; N/A           ; None        ; -3.438 ns ; i_rstn    ; shift_register:shift_register_inst|shift_reg[5][4] ; i_clk    ;
; N/A           ; None        ; -3.516 ns ; i_rstn    ; shift_register:shift_register_inst|shift_reg[0][0] ; i_clk    ;
; N/A           ; None        ; -3.516 ns ; i_rstn    ; shift_register:shift_register_inst|shift_reg[0][1] ; i_clk    ;
; N/A           ; None        ; -3.516 ns ; i_rstn    ; shift_register:shift_register_inst|shift_reg[0][2] ; i_clk    ;
; N/A           ; None        ; -3.516 ns ; i_rstn    ; shift_register:shift_register_inst|shift_reg[1][0] ; i_clk    ;
; N/A           ; None        ; -3.516 ns ; i_rstn    ; shift_register:shift_register_inst|shift_reg[1][1] ; i_clk    ;
; N/A           ; None        ; -3.516 ns ; i_rstn    ; shift_register:shift_register_inst|shift_reg[1][2] ; i_clk    ;
; N/A           ; None        ; -3.516 ns ; i_rstn    ; shift_register:shift_register_inst|shift_reg[2][0] ; i_clk    ;
; N/A           ; None        ; -3.516 ns ; i_rstn    ; shift_register:shift_register_inst|shift_reg[2][1] ; i_clk    ;
; N/A           ; None        ; -3.516 ns ; i_rstn    ; shift_register:shift_register_inst|shift_reg[2][2] ; i_clk    ;
; N/A           ; None        ; -3.516 ns ; i_rstn    ; shift_register:shift_register_inst|shift_reg[3][0] ; i_clk    ;
; N/A           ; None        ; -3.516 ns ; i_rstn    ; shift_register:shift_register_inst|shift_reg[3][1] ; i_clk    ;
; N/A           ; None        ; -3.516 ns ; i_rstn    ; shift_register:shift_register_inst|shift_reg[3][2] ; i_clk    ;
; N/A           ; None        ; -3.516 ns ; i_rstn    ; shift_register:shift_register_inst|shift_reg[4][0] ; i_clk    ;
; N/A           ; None        ; -3.516 ns ; i_rstn    ; shift_register:shift_register_inst|shift_reg[4][1] ; i_clk    ;
; N/A           ; None        ; -3.516 ns ; i_rstn    ; shift_register:shift_register_inst|shift_reg[5][0] ; i_clk    ;
; N/A           ; None        ; -3.516 ns ; i_rstn    ; shift_register:shift_register_inst|shift_reg[5][1] ; i_clk    ;
; N/A           ; None        ; -3.921 ns ; i_ssn     ; shift_register:shift_register_inst|shift_reg[0][3] ; i_clk    ;
; N/A           ; None        ; -3.921 ns ; i_ssn     ; shift_register:shift_register_inst|shift_reg[0][4] ; i_clk    ;
; N/A           ; None        ; -3.921 ns ; i_ssn     ; shift_register:shift_register_inst|shift_reg[0][5] ; i_clk    ;
; N/A           ; None        ; -3.921 ns ; i_ssn     ; shift_register:shift_register_inst|shift_reg[1][3] ; i_clk    ;
; N/A           ; None        ; -3.921 ns ; i_ssn     ; shift_register:shift_register_inst|shift_reg[1][4] ; i_clk    ;
; N/A           ; None        ; -3.921 ns ; i_ssn     ; shift_register:shift_register_inst|shift_reg[1][5] ; i_clk    ;
; N/A           ; None        ; -3.921 ns ; i_ssn     ; shift_register:shift_register_inst|shift_reg[2][3] ; i_clk    ;
; N/A           ; None        ; -3.921 ns ; i_ssn     ; shift_register:shift_register_inst|shift_reg[2][4] ; i_clk    ;
; N/A           ; None        ; -3.921 ns ; i_ssn     ; shift_register:shift_register_inst|shift_reg[2][5] ; i_clk    ;
; N/A           ; None        ; -3.921 ns ; i_ssn     ; shift_register:shift_register_inst|shift_reg[3][3] ; i_clk    ;
; N/A           ; None        ; -3.921 ns ; i_ssn     ; shift_register:shift_register_inst|shift_reg[3][4] ; i_clk    ;
; N/A           ; None        ; -3.921 ns ; i_ssn     ; shift_register:shift_register_inst|shift_reg[3][5] ; i_clk    ;
; N/A           ; None        ; -3.921 ns ; i_ssn     ; shift_register:shift_register_inst|shift_reg[4][3] ; i_clk    ;
; N/A           ; None        ; -3.921 ns ; i_ssn     ; shift_register:shift_register_inst|shift_reg[4][4] ; i_clk    ;
; N/A           ; None        ; -3.921 ns ; i_ssn     ; shift_register:shift_register_inst|shift_reg[5][3] ; i_clk    ;
; N/A           ; None        ; -3.921 ns ; i_ssn     ; shift_register:shift_register_inst|shift_reg[5][4] ; i_clk    ;
; N/A           ; None        ; -4.236 ns ; i_sck     ; edge_detector:edge_detector_inst|sck_d             ; i_clk    ;
; N/A           ; None        ; -4.364 ns ; i_rstn    ; edge_detector:edge_detector_inst|sck_d             ; i_clk    ;
; N/A           ; None        ; -4.381 ns ; i_ssn     ; spi_counter:spi_counter_inst|count[2]              ; i_clk    ;
; N/A           ; None        ; -4.381 ns ; i_ssn     ; spi_counter:spi_counter_inst|count[0]              ; i_clk    ;
; N/A           ; None        ; -4.381 ns ; i_ssn     ; spi_counter:spi_counter_inst|count[1]              ; i_clk    ;
; N/A           ; None        ; -4.383 ns ; i_ssn     ; shift_register:shift_register_inst|shift_reg[0][6] ; i_clk    ;
; N/A           ; None        ; -4.383 ns ; i_ssn     ; shift_register:shift_register_inst|shift_reg[0][7] ; i_clk    ;
; N/A           ; None        ; -4.383 ns ; i_ssn     ; shift_register:shift_register_inst|shift_reg[1][6] ; i_clk    ;
; N/A           ; None        ; -4.383 ns ; i_ssn     ; shift_register:shift_register_inst|shift_reg[1][7] ; i_clk    ;
; N/A           ; None        ; -4.383 ns ; i_ssn     ; shift_register:shift_register_inst|shift_reg[2][6] ; i_clk    ;
; N/A           ; None        ; -4.383 ns ; i_ssn     ; shift_register:shift_register_inst|shift_reg[2][7] ; i_clk    ;
; N/A           ; None        ; -4.383 ns ; i_ssn     ; shift_register:shift_register_inst|shift_reg[3][6] ; i_clk    ;
; N/A           ; None        ; -4.383 ns ; i_ssn     ; shift_register:shift_register_inst|shift_reg[3][7] ; i_clk    ;
; N/A           ; None        ; -4.383 ns ; i_ssn     ; shift_register:shift_register_inst|shift_reg[4][2] ; i_clk    ;
; N/A           ; None        ; -4.383 ns ; i_ssn     ; shift_register:shift_register_inst|shift_reg[4][5] ; i_clk    ;
; N/A           ; None        ; -4.383 ns ; i_ssn     ; shift_register:shift_register_inst|shift_reg[4][6] ; i_clk    ;
; N/A           ; None        ; -4.383 ns ; i_ssn     ; shift_register:shift_register_inst|shift_reg[4][7] ; i_clk    ;
; N/A           ; None        ; -4.383 ns ; i_ssn     ; shift_register:shift_register_inst|shift_reg[5][2] ; i_clk    ;
; N/A           ; None        ; -4.383 ns ; i_ssn     ; shift_register:shift_register_inst|shift_reg[5][5] ; i_clk    ;
; N/A           ; None        ; -4.383 ns ; i_ssn     ; shift_register:shift_register_inst|shift_reg[5][6] ; i_clk    ;
; N/A           ; None        ; -4.383 ns ; i_ssn     ; shift_register:shift_register_inst|shift_reg[5][7] ; i_clk    ;
; N/A           ; None        ; -4.587 ns ; i_ssn     ; shift_register:shift_register_inst|shift_reg[0][0] ; i_clk    ;
; N/A           ; None        ; -4.587 ns ; i_ssn     ; shift_register:shift_register_inst|shift_reg[0][1] ; i_clk    ;
; N/A           ; None        ; -4.587 ns ; i_ssn     ; shift_register:shift_register_inst|shift_reg[0][2] ; i_clk    ;
; N/A           ; None        ; -4.587 ns ; i_ssn     ; shift_register:shift_register_inst|shift_reg[1][0] ; i_clk    ;
; N/A           ; None        ; -4.587 ns ; i_ssn     ; shift_register:shift_register_inst|shift_reg[1][1] ; i_clk    ;
; N/A           ; None        ; -4.587 ns ; i_ssn     ; shift_register:shift_register_inst|shift_reg[1][2] ; i_clk    ;
; N/A           ; None        ; -4.587 ns ; i_ssn     ; shift_register:shift_register_inst|shift_reg[2][0] ; i_clk    ;
; N/A           ; None        ; -4.587 ns ; i_ssn     ; shift_register:shift_register_inst|shift_reg[2][1] ; i_clk    ;
; N/A           ; None        ; -4.587 ns ; i_ssn     ; shift_register:shift_register_inst|shift_reg[2][2] ; i_clk    ;
; N/A           ; None        ; -4.587 ns ; i_ssn     ; shift_register:shift_register_inst|shift_reg[3][0] ; i_clk    ;
; N/A           ; None        ; -4.587 ns ; i_ssn     ; shift_register:shift_register_inst|shift_reg[3][1] ; i_clk    ;
; N/A           ; None        ; -4.587 ns ; i_ssn     ; shift_register:shift_register_inst|shift_reg[3][2] ; i_clk    ;
; N/A           ; None        ; -4.587 ns ; i_ssn     ; shift_register:shift_register_inst|shift_reg[4][0] ; i_clk    ;
; N/A           ; None        ; -4.587 ns ; i_ssn     ; shift_register:shift_register_inst|shift_reg[4][1] ; i_clk    ;
; N/A           ; None        ; -4.587 ns ; i_ssn     ; shift_register:shift_register_inst|shift_reg[5][0] ; i_clk    ;
; N/A           ; None        ; -4.587 ns ; i_ssn     ; shift_register:shift_register_inst|shift_reg[5][1] ; i_clk    ;
; N/A           ; None        ; -4.777 ns ; i_sck     ; shift_register:shift_register_inst|shift_reg[0][3] ; i_clk    ;
; N/A           ; None        ; -4.777 ns ; i_sck     ; shift_register:shift_register_inst|shift_reg[0][4] ; i_clk    ;
; N/A           ; None        ; -4.777 ns ; i_sck     ; shift_register:shift_register_inst|shift_reg[0][5] ; i_clk    ;
; N/A           ; None        ; -4.777 ns ; i_sck     ; shift_register:shift_register_inst|shift_reg[1][3] ; i_clk    ;
; N/A           ; None        ; -4.777 ns ; i_sck     ; shift_register:shift_register_inst|shift_reg[1][4] ; i_clk    ;
; N/A           ; None        ; -4.777 ns ; i_sck     ; shift_register:shift_register_inst|shift_reg[1][5] ; i_clk    ;
; N/A           ; None        ; -4.777 ns ; i_sck     ; shift_register:shift_register_inst|shift_reg[2][3] ; i_clk    ;
; N/A           ; None        ; -4.777 ns ; i_sck     ; shift_register:shift_register_inst|shift_reg[2][4] ; i_clk    ;
; N/A           ; None        ; -4.777 ns ; i_sck     ; shift_register:shift_register_inst|shift_reg[2][5] ; i_clk    ;
; N/A           ; None        ; -4.777 ns ; i_sck     ; shift_register:shift_register_inst|shift_reg[3][3] ; i_clk    ;
; N/A           ; None        ; -4.777 ns ; i_sck     ; shift_register:shift_register_inst|shift_reg[3][4] ; i_clk    ;
; N/A           ; None        ; -4.777 ns ; i_sck     ; shift_register:shift_register_inst|shift_reg[3][5] ; i_clk    ;
; N/A           ; None        ; -4.777 ns ; i_sck     ; shift_register:shift_register_inst|shift_reg[4][3] ; i_clk    ;
; N/A           ; None        ; -4.777 ns ; i_sck     ; shift_register:shift_register_inst|shift_reg[4][4] ; i_clk    ;
; N/A           ; None        ; -4.777 ns ; i_sck     ; shift_register:shift_register_inst|shift_reg[5][3] ; i_clk    ;
; N/A           ; None        ; -4.777 ns ; i_sck     ; shift_register:shift_register_inst|shift_reg[5][4] ; i_clk    ;
; N/A           ; None        ; -5.236 ns ; i_sck     ; spi_counter:spi_counter_inst|count[2]              ; i_clk    ;
; N/A           ; None        ; -5.236 ns ; i_sck     ; spi_counter:spi_counter_inst|count[0]              ; i_clk    ;
; N/A           ; None        ; -5.236 ns ; i_sck     ; spi_counter:spi_counter_inst|count[1]              ; i_clk    ;
; N/A           ; None        ; -5.239 ns ; i_sck     ; shift_register:shift_register_inst|shift_reg[0][6] ; i_clk    ;
; N/A           ; None        ; -5.239 ns ; i_sck     ; shift_register:shift_register_inst|shift_reg[0][7] ; i_clk    ;
; N/A           ; None        ; -5.239 ns ; i_sck     ; shift_register:shift_register_inst|shift_reg[1][6] ; i_clk    ;
; N/A           ; None        ; -5.239 ns ; i_sck     ; shift_register:shift_register_inst|shift_reg[1][7] ; i_clk    ;
; N/A           ; None        ; -5.239 ns ; i_sck     ; shift_register:shift_register_inst|shift_reg[2][6] ; i_clk    ;
; N/A           ; None        ; -5.239 ns ; i_sck     ; shift_register:shift_register_inst|shift_reg[2][7] ; i_clk    ;
; N/A           ; None        ; -5.239 ns ; i_sck     ; shift_register:shift_register_inst|shift_reg[3][6] ; i_clk    ;
; N/A           ; None        ; -5.239 ns ; i_sck     ; shift_register:shift_register_inst|shift_reg[3][7] ; i_clk    ;
; N/A           ; None        ; -5.239 ns ; i_sck     ; shift_register:shift_register_inst|shift_reg[4][2] ; i_clk    ;
; N/A           ; None        ; -5.239 ns ; i_sck     ; shift_register:shift_register_inst|shift_reg[4][5] ; i_clk    ;
; N/A           ; None        ; -5.239 ns ; i_sck     ; shift_register:shift_register_inst|shift_reg[4][6] ; i_clk    ;
; N/A           ; None        ; -5.239 ns ; i_sck     ; shift_register:shift_register_inst|shift_reg[4][7] ; i_clk    ;
; N/A           ; None        ; -5.239 ns ; i_sck     ; shift_register:shift_register_inst|shift_reg[5][2] ; i_clk    ;
; N/A           ; None        ; -5.239 ns ; i_sck     ; shift_register:shift_register_inst|shift_reg[5][5] ; i_clk    ;
; N/A           ; None        ; -5.239 ns ; i_sck     ; shift_register:shift_register_inst|shift_reg[5][6] ; i_clk    ;
; N/A           ; None        ; -5.239 ns ; i_sck     ; shift_register:shift_register_inst|shift_reg[5][7] ; i_clk    ;
; N/A           ; None        ; -5.443 ns ; i_sck     ; shift_register:shift_register_inst|shift_reg[0][0] ; i_clk    ;
; N/A           ; None        ; -5.443 ns ; i_sck     ; shift_register:shift_register_inst|shift_reg[0][1] ; i_clk    ;
; N/A           ; None        ; -5.443 ns ; i_sck     ; shift_register:shift_register_inst|shift_reg[0][2] ; i_clk    ;
; N/A           ; None        ; -5.443 ns ; i_sck     ; shift_register:shift_register_inst|shift_reg[1][0] ; i_clk    ;
; N/A           ; None        ; -5.443 ns ; i_sck     ; shift_register:shift_register_inst|shift_reg[1][1] ; i_clk    ;
; N/A           ; None        ; -5.443 ns ; i_sck     ; shift_register:shift_register_inst|shift_reg[1][2] ; i_clk    ;
; N/A           ; None        ; -5.443 ns ; i_sck     ; shift_register:shift_register_inst|shift_reg[2][0] ; i_clk    ;
; N/A           ; None        ; -5.443 ns ; i_sck     ; shift_register:shift_register_inst|shift_reg[2][1] ; i_clk    ;
; N/A           ; None        ; -5.443 ns ; i_sck     ; shift_register:shift_register_inst|shift_reg[2][2] ; i_clk    ;
; N/A           ; None        ; -5.443 ns ; i_sck     ; shift_register:shift_register_inst|shift_reg[3][0] ; i_clk    ;
; N/A           ; None        ; -5.443 ns ; i_sck     ; shift_register:shift_register_inst|shift_reg[3][1] ; i_clk    ;
; N/A           ; None        ; -5.443 ns ; i_sck     ; shift_register:shift_register_inst|shift_reg[3][2] ; i_clk    ;
; N/A           ; None        ; -5.443 ns ; i_sck     ; shift_register:shift_register_inst|shift_reg[4][0] ; i_clk    ;
; N/A           ; None        ; -5.443 ns ; i_sck     ; shift_register:shift_register_inst|shift_reg[4][1] ; i_clk    ;
; N/A           ; None        ; -5.443 ns ; i_sck     ; shift_register:shift_register_inst|shift_reg[5][0] ; i_clk    ;
; N/A           ; None        ; -5.443 ns ; i_sck     ; shift_register:shift_register_inst|shift_reg[5][1] ; i_clk    ;
+---------------+-------------+-----------+-----------+----------------------------------------------------+----------+


+--------------------------+
; Timing Analyzer Messages ;
+--------------------------+
Info: *******************************************************************
Info: Running Quartus II Classic Timing Analyzer
    Info: Version 9.1 Build 350 03/24/2010 Service Pack 2 SJ Web Edition
    Info: Processing started: Sat May 23 10:41:16 2026
Info: Command: quartus_tan --read_settings_files=off --write_settings_files=off project -c project --timing_analysis_only
Warning: Found pins functioning as undefined clocks and/or memory enables
    Info: Assuming node "i_clk" is an undefined clock
Info: Clock "i_clk" has Internal fmax of 425.17 MHz between source register "edge_detector:edge_detector_inst|sck_d" and destination register "shift_register:shift_register_inst|shift_reg[0][0]" (period= 2.352 ns)
    Info: + Longest register to register delay is 2.185 ns
        Info: 1: + IC(0.000 ns) + CELL(0.000 ns) = 0.000 ns; Loc. = LCFF_X17_Y23_N1; Fanout = 3; REG Node = 'edge_detector:edge_detector_inst|sck_d'
        Info: 2: + IC(0.218 ns) + CELL(0.053 ns) = 0.271 ns; Loc. = LCCOMB_X17_Y23_N4; Fanout = 48; COMB Node = 'shift_register:shift_register_inst|shift_reg[0][1]~0DUPLICATE'
        Info: 3: + IC(1.168 ns) + CELL(0.746 ns) = 2.185 ns; Loc. = LCFF_X29_Y26_N19; Fanout = 2; REG Node = 'shift_register:shift_register_inst|shift_reg[0][0]'
        Info: Total cell delay = 0.799 ns ( 36.57 % )
        Info: Total interconnect delay = 1.386 ns ( 63.43 % )
    Info: - Smallest clock skew is 0.017 ns
        Info: + Shortest clock path from clock "i_clk" to destination register is 2.488 ns
            Info: 1: + IC(0.000 ns) + CELL(0.854 ns) = 0.854 ns; Loc. = PIN_N20; Fanout = 1; CLK Node = 'i_clk'
            Info: 2: + IC(0.343 ns) + CELL(0.000 ns) = 1.197 ns; Loc. = CLKCTRL_G3; Fanout = 52; COMB Node = 'i_clk~clkctrl'
            Info: 3: + IC(0.673 ns) + CELL(0.618 ns) = 2.488 ns; Loc. = LCFF_X29_Y26_N19; Fanout = 2; REG Node = 'shift_register:shift_register_inst|shift_reg[0][0]'
            Info: Total cell delay = 1.472 ns ( 59.16 % )
            Info: Total interconnect delay = 1.016 ns ( 40.84 % )
        Info: - Longest clock path from clock "i_clk" to source register is 2.471 ns
            Info: 1: + IC(0.000 ns) + CELL(0.854 ns) = 0.854 ns; Loc. = PIN_N20; Fanout = 1; CLK Node = 'i_clk'
            Info: 2: + IC(0.343 ns) + CELL(0.000 ns) = 1.197 ns; Loc. = CLKCTRL_G3; Fanout = 52; COMB Node = 'i_clk~clkctrl'
            Info: 3: + IC(0.656 ns) + CELL(0.618 ns) = 2.471 ns; Loc. = LCFF_X17_Y23_N1; Fanout = 3; REG Node = 'edge_detector:edge_detector_inst|sck_d'
            Info: Total cell delay = 1.472 ns ( 59.57 % )
            Info: Total interconnect delay = 0.999 ns ( 40.43 % )
    Info: + Micro clock to output delay of source is 0.094 ns
    Info: + Micro setup delay of destination is 0.090 ns
Info: tsu for register "shift_register:shift_register_inst|shift_reg[0][0]" (data pin = "i_sck", clock pin = "i_clk") is 5.682 ns
    Info: + Longest pin to register delay is 8.080 ns
        Info: 1: + IC(0.000 ns) + CELL(0.857 ns) = 0.857 ns; Loc. = PIN_AB8; Fanout = 4; PIN Node = 'i_sck'
        Info: 2: + IC(4.952 ns) + CELL(0.357 ns) = 6.166 ns; Loc. = LCCOMB_X17_Y23_N4; Fanout = 48; COMB Node = 'shift_register:shift_register_inst|shift_reg[0][1]~0DUPLICATE'
        Info: 3: + IC(1.168 ns) + CELL(0.746 ns) = 8.080 ns; Loc. = LCFF_X29_Y26_N19; Fanout = 2; REG Node = 'shift_register:shift_register_inst|shift_reg[0][0]'
        Info: Total cell delay = 1.960 ns ( 24.26 % )
        Info: Total interconnect delay = 6.120 ns ( 75.74 % )
    Info: + Micro setup delay of destination is 0.090 ns
    Info: - Shortest clock path from clock "i_clk" to destination register is 2.488 ns
        Info: 1: + IC(0.000 ns) + CELL(0.854 ns) = 0.854 ns; Loc. = PIN_N20; Fanout = 1; CLK Node = 'i_clk'
        Info: 2: + IC(0.343 ns) + CELL(0.000 ns) = 1.197 ns; Loc. = CLKCTRL_G3; Fanout = 52; COMB Node = 'i_clk~clkctrl'
        Info: 3: + IC(0.673 ns) + CELL(0.618 ns) = 2.488 ns; Loc. = LCFF_X29_Y26_N19; Fanout = 2; REG Node = 'shift_register:shift_register_inst|shift_reg[0][0]'
        Info: Total cell delay = 1.472 ns ( 59.16 % )
        Info: Total interconnect delay = 1.016 ns ( 40.84 % )
Info: tco from clock "i_clk" to destination pin "o_data[17]" through register "shift_register:shift_register_inst|shift_reg[2][1]" is 7.407 ns
    Info: + Longest clock path from clock "i_clk" to source register is 2.488 ns
        Info: 1: + IC(0.000 ns) + CELL(0.854 ns) = 0.854 ns; Loc. = PIN_N20; Fanout = 1; CLK Node = 'i_clk'
        Info: 2: + IC(0.343 ns) + CELL(0.000 ns) = 1.197 ns; Loc. = CLKCTRL_G3; Fanout = 52; COMB Node = 'i_clk~clkctrl'
        Info: 3: + IC(0.673 ns) + CELL(0.618 ns) = 2.488 ns; Loc. = LCFF_X29_Y26_N3; Fanout = 2; REG Node = 'shift_register:shift_register_inst|shift_reg[2][1]'
        Info: Total cell delay = 1.472 ns ( 59.16 % )
        Info: Total interconnect delay = 1.016 ns ( 40.84 % )
    Info: + Micro clock to output delay of source is 0.094 ns
    Info: + Longest register to pin delay is 4.825 ns
        Info: 1: + IC(0.000 ns) + CELL(0.000 ns) = 0.000 ns; Loc. = LCFF_X29_Y26_N3; Fanout = 2; REG Node = 'shift_register:shift_register_inst|shift_reg[2][1]'
        Info: 2: + IC(2.837 ns) + CELL(1.988 ns) = 4.825 ns; Loc. = PIN_W10; Fanout = 0; PIN Node = 'o_data[17]'
        Info: Total cell delay = 1.988 ns ( 41.20 % )
        Info: Total interconnect delay = 2.837 ns ( 58.80 % )
Info: Longest tpd from source pin "i_sck" to destination pin "o_valid" is 8.548 ns
    Info: 1: + IC(0.000 ns) + CELL(0.857 ns) = 0.857 ns; Loc. = PIN_AB8; Fanout = 4; PIN Node = 'i_sck'
    Info: 2: + IC(4.728 ns) + CELL(0.357 ns) = 5.942 ns; Loc. = LCCOMB_X26_Y24_N24; Fanout = 1; COMB Node = 'spi_counter:spi_counter_inst|done~0'
    Info: 3: + IC(0.560 ns) + CELL(2.046 ns) = 8.548 ns; Loc. = PIN_B10; Fanout = 0; PIN Node = 'o_valid'
    Info: Total cell delay = 3.260 ns ( 38.14 % )
    Info: Total interconnect delay = 5.288 ns ( 61.86 % )
Info: th for register "shift_register:shift_register_inst|shift_reg[0][0]" (data pin = "i_mosi[0]", clock pin = "i_clk") is -2.458 ns
    Info: + Longest clock path from clock "i_clk" to destination register is 2.488 ns
        Info: 1: + IC(0.000 ns) + CELL(0.854 ns) = 0.854 ns; Loc. = PIN_N20; Fanout = 1; CLK Node = 'i_clk'
        Info: 2: + IC(0.343 ns) + CELL(0.000 ns) = 1.197 ns; Loc. = CLKCTRL_G3; Fanout = 52; COMB Node = 'i_clk~clkctrl'
        Info: 3: + IC(0.673 ns) + CELL(0.618 ns) = 2.488 ns; Loc. = LCFF_X29_Y26_N19; Fanout = 2; REG Node = 'shift_register:shift_register_inst|shift_reg[0][0]'
        Info: Total cell delay = 1.472 ns ( 59.16 % )
        Info: Total interconnect delay = 1.016 ns ( 40.84 % )
    Info: + Micro hold delay of destination is 0.149 ns
    Info: - Shortest pin to register delay is 5.095 ns
        Info: 1: + IC(0.000 ns) + CELL(0.857 ns) = 0.857 ns; Loc. = PIN_A8; Fanout = 1; PIN Node = 'i_mosi[0]'
        Info: 2: + IC(3.929 ns) + CELL(0.309 ns) = 5.095 ns; Loc. = LCFF_X29_Y26_N19; Fanout = 2; REG Node = 'shift_register:shift_register_inst|shift_reg[0][0]'
        Info: Total cell delay = 1.166 ns ( 22.89 % )
        Info: Total interconnect delay = 3.929 ns ( 77.11 % )
Info: Quartus II Classic Timing Analyzer was successful. 0 errors, 1 warning
    Info: Peak virtual memory: 178 megabytes
    Info: Processing ended: Sat May 23 10:41:16 2026
    Info: Elapsed time: 00:00:00
    Info: Total CPU time (on all processors): 00:00:00


